03-23 10:49:24.228  1720  8866 I HandwritingOnlineSuperpacks: HandwritingOnlineSuperpacks$2.onSyncSuccess():225 syncInternal(): complete {old=[en_us_20230613_compact_fst_zip, pack_mapping_v1_lstm_20231127, qrnn_en_us_reco_20231010_fst_20230613_recospec_zip, scribe_latin_20231123_recospec_zip, scribe_latin_20231123_tflite_zip, transformer_latin_conf_tflite_20231010_zip, transformer_latin_seg_tflite_20231010_zip, transformer_latin_tflite_20231010_zip], new=[en_us_20230613_compact_fst_zip, pack_mapping_v1_lstm_20231127, qrnn_en_us_reco_20231010_fst_20230613_recospec_zip, scribe_latin_20231123_recospec_zip, scribe_latin_20231123_tflite_zip, transformer_latin_conf_tflite_20231010_zip, transformer_latin_seg_tflite_20231010_zip, transformer_latin_tflite_20231010_zip], metadata=false, last batch=true}
03-23 10:49:24.229  1720  8866 I MDDSuperpacks: MDDSuperpacks.getPacks():548 getting packs for superpack: handwriting_recognition
03-23 10:49:24.231  1720  8866 I MDDSuperpacks: MDDSuperpacks.getPacks():548 getting packs for superpack: handwriting_recognition
03-23 10:49:24.231  1720  9000 I MDDSuperpacks: MDDSuperpacks$3.onSuccess():558 packs [transformer_latin_tflite_20231010_zip, scribe_latin_20231123_tflite_zip, qrnn_en_us_reco_20231010_fst_20230613_recospec_zip, transformer_latin_conf_tflite_20231010_zip, pack_mapping_v1_lstm_20231127, transformer_latin_seg_tflite_20231010_zip, scribe_latin_20231123_recospec_zip, en_us_20230613_compact_fst_zip] got for superpack: handwriting_recognition
03-23 10:49:24.236  1720  8866 I MDDSuperpacks: MDDSuperpacks$3.onSuccess():558 getting packs for superpack: handwriting_recognition_offline
03-23 10:49:24.236  1720  9000 I MDDSuperpacks: MDDSuperpacks$3.onSuccess():558 packs [transformer_latin_tflite_20231010_zip, scribe_latin_20231123_tflite_zip, qrnn_en_us_reco_20231010_fst_20230613_recospec_zip, transformer_latin_conf_tflite_20231010_zip, pack_mapping_v1_lstm_20231127, transformer_latin_seg_tflite_20231010_zip, scribe_latin_20231123_recospec_zip, en_us_20230613_compact_fst_zip] got for superpack: handwriting_recognition
03-23 10:49:24.238  1720  8988 W MDDSuperpacks: MDDSuperpacks.constructPackSet():578 file group is empty
03-23 10:49:24.238  1720  8985 I MDDSuperpacks: MDDSuperpacks$3.onSuccess():558 packs [] got for superpack: handwriting_recognition_offline
03-23 10:49:24.238  1720  8871 E HandwritingSuperpacksUtil: HandwritingSuperpacksUtil.getPackMappingPackName():40 No pack mapping pack found in []
03-23 10:49:24.238  1720  8871 I HandwritingSuperpacks: HandwritingSuperpacks.reloadCache():237 updatePackMappingsCache(): pack mapping pack unavailable [OFFLINE]
03-23 10:49:24.239  1720  8871 I MDDSuperpacks: MDDSuperpacks.getPacks():548 getting packs for superpack: handwriting_recognition
03-23 10:49:24.242  1720  8871 I MDDSuperpacks: MDDSuperpacks.getPacks():548 getting packs for superpack: handwriting_recognition
03-23 10:49:24.242  1720  9000 I MDDSuperpacks: MDDSuperpacks$3.onSuccess():558 packs [transformer_latin_tflite_20231010_zip, scribe_latin_20231123_tflite_zip, qrnn_en_us_reco_20231010_fst_20230613_recospec_zip, transformer_latin_conf_tflite_20231010_zip, pack_mapping_v1_lstm_20231127, transformer_latin_seg_tflite_20231010_zip, scribe_latin_20231123_recospec_zip, en_us_20230613_compact_fst_zip] got for superpack: handwriting_recognition
03-23 10:49:24.246  1720  9000 I MDDSuperpacks: MDDSuperpacks$3.onSuccess():558 packs [transformer_latin_tflite_20231010_zip, scribe_latin_20231123_tflite_zip, qrnn_en_us_reco_20231010_fst_20230613_recospec_zip, transformer_latin_conf_tflite_20231010_zip, pack_mapping_v1_lstm_20231127, transformer_latin_seg_tflite_20231010_zip, scribe_latin_20231123_recospec_zip, en_us_20230613_compact_fst_zip] got for superpack: handwriting_recognition
03-23 10:49:24.762  1182  1335 D ControlsListingControllerImpl: Subscribing callback, service count: 0
03-23 10:49:24.765  1182  1335 D ControlsListingControllerImpl: Unsubscribing callback
03-23 10:49:25.406  1182  1335 I QuickAccessWalletTile: QAW service is unavailable, recreating the wallet client.
03-23 10:49:27.212  6537  6537 W rules.WifiRx: FenceState currentState is not true
03-23 10:49:27.509   702  1749 D WifiNl80211Manager: Scan result ready event
03-23 10:49:27.509   702  1749 D WifiNative: Scan result ready event
03-23 10:49:27.513  1565  1735 I WifiScanner: onFullResults
03-23 10:49:27.519   702  1084 I HalDevMgr: bestIfaceCreationProposal is null, requestIface=STA, existingIface=[name=wlan0 type=STA]
03-23 10:49:32.530  1363  1638 D SatelliteController: iisInCarrierRoamingNbIotNtn: satellite is disabled
03-23 10:49:32.789  9001  9001 W dumpsys : Thread Pool max thread count is 0. Cannot cache binder as linkToDeath cannot be implemented. serviceName: package
03-23 10:49:32.834  3123  3125 I artd    : GetBestInfo: odex next to the dex file (/product/priv-app/PrebuiltGmsCore/oat/x86_64/PrebuiltGmsCore.odex) is kOatUpToDate with filter 'verify' executable 'false'
03-23 10:49:32.835  3123  3125 I artd    : GetBestInfo: /data/user_de/0/com.google.android.gms/app_chimera/m/00000001/CronetDynamite.apk has no usable artifacts
03-23 10:49:32.835  3123  3125 I artd    : GetBestInfo: /data/user_de/0/com.google.android.gms/app_chimera/m/00000002/DynamiteLoader.apk has no usable artifacts
03-23 10:49:32.836  3123  3125 I artd    : GetBestInfo: /data/user_de/0/com.google.android.gms/app_chimera/m/00000005/GoogleCertificates.apk has no usable artifacts
03-23 10:49:32.837  3123  3125 I artd    : GetBestInfo: vdex next to the dex file (/data/user/0/com.google.android.gms/app_dg_cache/E054CA794C125F959C88D4849C82AB3F226237E6/oat/x86_64/the.vdex) is kOatUpToDate with filter 'verify' executable 'false'
03-23 10:49:32.838  3123  3125 I artd    : GetBestInfo: /data/user_de/0/com.google.android.gms/app_chimera/m/00000007/MeasurementDynamite.apk has no usable artifacts
03-23 10:49:32.839  3123  3125 I artd    : GetBestInfo: /data/user_de/0/com.google.android.gms/app_chimera/m/00000009/dl-MlkitBarcodeUi.optional_250834100800.apk has no usable artifacts
03-23 10:49:34.350   702  1749 D TelephonyManager: requestModemActivityInfo: Sending result to app: ModemActivityInfo{ mTimestamp=677605 mSleepTimeMs=126 mIdleTimeMs=42 mActivityStatsTechSpecificInfo=[{mRat=UNKNOWN,mFrequencyRange=UNKNOWN,mTxTimeMs[]=[3, 9, 18, 24, 27],mRxTimeMs=27}]}
03-23 10:49:34.586   702  1150 D androidtc: Initializing SystemTextClassifier, type = System
03-23 10:49:34.586   702  1150 E ClipboardService: Denying clipboard access to com.android.chrome, application is not in focus nor is it a system service for user 0
03-23 10:49:34.587  1903  1903 I AiAiTextClassifier: onCreateTextClassificationSession = TextClassificationSessionId {ae958af1-0552-41c3-ae28-a8604ad81447}
03-23 10:49:34.589  1182  1182 I ClipboardListener: Clipboard overlay suppressed.
03-23 10:49:34.590  1903  2118 I AiAiTranslate: C2T - not in a conversation
03-23 10:49:34.590  1720  8865 D androidtc: Initializing SystemTextClassifier, type = System
03-23 10:49:34.594  1903  2149 I AiAiTextClassifier: GenerateLinks did not find valid links, returning empty result
03-23 10:49:34.596   702  1151 E ClipboardService: Denying clipboard access to com.android.chrome, application is not in focus nor is it a system service for user 0
03-23 10:49:34.597  1182  1182 I ClipboardListener: Clipboard overlay suppressed.
03-23 10:49:34.601  1903  2149 I AiAiTextClassifier: GenerateLinks did not find valid links, returning empty result
03-23 10:49:35.477   702   755 D KernelCpuUidUserSysTimeReader: Removing uids 99003-99003
03-23 10:49:35.480   702   755 E BluetoothPowerStatsCollector: Cannot acquire BluetoothActivityEnergyInfo
03-23 10:49:35.480   702   755 E BluetoothPowerStatsCollector: java.util.concurrent.ExecutionException: java.lang.RuntimeException: error: 11
03-23 10:49:35.480   702   755 E BluetoothPowerStatsCollector: 	at java.util.concurrent.CompletableFuture.reportGet(CompletableFuture.java:372)
03-23 10:49:35.480   702   755 E BluetoothPowerStatsCollector: 	at java.util.concurrent.CompletableFuture.get(CompletableFuture.java:2072)
03-23 10:49:35.480   702   755 E BluetoothPowerStatsCollector: 	at com.android.server.power.stats.BluetoothPowerStatsCollector.collectBluetoothActivityInfo(BluetoothPowerStatsCollector.java:192)
03-23 10:49:35.480   702   755 E BluetoothPowerStatsCollector: 	at com.android.server.power.stats.BluetoothPowerStatsCollector.collectStats(BluetoothPowerStatsCollector.java:155)
03-23 10:49:35.480   702   755 E BluetoothPowerStatsCollector: 	at com.android.server.power.stats.PowerStatsCollector.collectAndDeliverStats(PowerStatsCollector.java:176)
03-23 10:49:35.480   702   755 E BluetoothPowerStatsCollector: 	at com.android.server.power.stats.PowerStatsCollector$$ExternalSyntheticLambda0.run(R8$$SyntheticClass:0)
03-23 10:49:35.480   702   755 E BluetoothPowerStatsCollector: 	at android.os.Handler.handleCallback(Handler.java:995)
03-23 10:49:35.480   702   755 E BluetoothPowerStatsCollector: 	at android.os.Handler.dispatchMessage(Handler.java:103)
03-23 10:49:35.480   702   755 E BluetoothPowerStatsCollector: 	at android.os.Looper.loopOnce(Looper.java:248)
03-23 10:49:35.480   702   755 E BluetoothPowerStatsCollector: 	at android.os.Looper.loop(Looper.java:338)
03-23 10:49:35.480   702   755 E BluetoothPowerStatsCollector: 	at android.os.HandlerThread.run(HandlerThread.java:85)
03-23 10:49:35.480   702   755 E BluetoothPowerStatsCollector: Caused by: java.lang.RuntimeException: error: 11
03-23 10:49:35.480   702   755 E BluetoothPowerStatsCollector: 	at com.android.server.power.stats.BluetoothPowerStatsCollector$1.onBluetoothActivityEnergyInfoError(BluetoothPowerStatsCollector.java:181)
03-23 10:49:35.480   702   755 E BluetoothPowerStatsCollector: 	at android.bluetooth.BluetoothAdapter$OnBluetoothActivityEnergyInfoProxy.lambda$onBluetoothActivityEnergyInfoAvailable$0(BluetoothAdapter.java:1037)
03-23 10:49:35.480   702   755 E BluetoothPowerStatsCollector: 	at android.bluetooth.BluetoothAdapter$OnBluetoothActivityEnergyInfoProxy$$ExternalSyntheticLambda1.run(D8$$SyntheticClass:0)
03-23 10:49:35.480   702   755 E BluetoothPowerStatsCollector: 	at android.bluetooth.BluetoothUtils.lambda$executeFromBinder$0(BluetoothUtils.java:343)
03-23 10:49:35.480   702   755 E BluetoothPowerStatsCollector: 	at android.bluetooth.BluetoothUtils$$ExternalSyntheticLambda1.run(D8$$SyntheticClass:0)
03-23 10:49:35.480   702   755 E BluetoothPowerStatsCollector: 	at com.android.server.SystemServerInitThreadPool$$ExternalSyntheticLambda0.execute(R8$$SyntheticClass:0)
03-23 10:49:35.480   702   755 E BluetoothPowerStatsCollector: 	at android.bluetooth.BluetoothUtils.executeFromBinder(BluetoothUtils.java:343)
03-23 10:49:35.480   702   755 E BluetoothPowerStatsCollector: 	at android.bluetooth.BluetoothAdapter$OnBluetoothActivityEnergyInfoProxy.onBluetoothActivityEnergyInfoAvailable(BluetoothAdapter.java:1035)
03-23 10:49:35.480   702   755 E BluetoothPowerStatsCollector: 	at android.bluetooth.IBluetoothActivityEnergyInfoListener$Stub.onTransact(IBluetoothActivityEnergyInfoListener.java:98)
03-23 10:49:35.480   702   755 E BluetoothPowerStatsCollector: 	at android.os.Binder.execTransactInternal(Binder.java:1426)
03-23 10:49:35.480   702   755 E BluetoothPowerStatsCollector: 	at android.os.Binder.execTransact(Binder.java:1365)
03-23 10:49:40.171   702  1084 D WifiConfigStore: Writing to stores completed in 7 ms.
03-23 10:49:40.206  2353  2353 I Finsky  : [2] zhz.onTrimMemory(11): Memory trim requested to level 40
03-23 10:49:40.206   702   838 D ActivityManager: sync unfroze 2353 com.android.vending for 6
03-23 10:49:40.207   702   838 D ActivityManager: sync unfroze 3297 com.android.vending:background for 6
03-23 10:49:40.209  3297  3297 I Finsky:background: [2] zhz.onTrimMemory(11): Memory trim requested to level 40
03-23 10:49:40.211  2353  2353 I Finsky  : [2] adut.accept(139): Flushing in-memory image cache
03-23 10:49:40.216  2353  2353 I Finsky  : [2] zhz.onTrimMemory(11): Memory trim requested to level 40
03-23 10:49:40.216  2353  2353 I Finsky  : [2] adut.accept(139): Flushing in-memory image cache
03-23 10:49:40.221  3297  3297 I Finsky:background: [2] zhz.onTrimMemory(11): Memory trim requested to level 40
03-23 10:49:40.221  3297  3297 I Finsky:background: [2] zhz.onTrimMemory(11): Memory trim requested to level 40
03-23 10:49:40.221  3297  3297 I Finsky:background: [2] zhz.onTrimMemory(11): Memory trim requested to level 40
03-23 10:49:40.221  3297  3297 I Finsky:background: [2] zhz.onTrimMemory(11): Memory trim requested to level 40
03-23 10:49:40.221  3297  3297 I Finsky:background: [2] zhz.onTrimMemory(11): Memory trim requested to level 40
03-23 10:49:40.221  2353  2353 I Finsky  : [2] zhz.onTrimMemory(11): Memory trim requested to level 40
03-23 10:49:40.221  2353  2353 I Finsky  : [2] adut.accept(139): Flushing in-memory image cache
03-23 10:49:40.221  2353  2353 I Finsky  : [2] zhz.onTrimMemory(11): Memory trim requested to level 40
03-23 10:49:40.221  2353  2353 I Finsky  : [2] adut.accept(139): Flushing in-memory image cache
03-23 10:49:40.221  2353  2353 I Finsky  : [2] zhz.onTrimMemory(11): Memory trim requested to level 40
03-23 10:49:40.221  2353  2353 I Finsky  : [2] adut.accept(139): Flushing in-memory image cache
03-23 10:49:40.221  2353  2353 I Finsky  : [2] zhz.onTrimMemory(11): Memory trim requested to level 40
03-23 10:49:40.221  2353  2353 I Finsky  : [2] adut.accept(139): Flushing in-memory image cache
03-23 10:49:40.229  3297  3726 I PlayCommon: [63] axan.j(213): Preparing logs for uploading
03-23 10:49:40.243  2353  2353 I Finsky  : [2] ahgm.onStartJob(126): SCH: job service start with id 9111.
03-23 10:49:40.253  2353  2353 I Finsky  : [2] ahgm.onStartJob(126): SCH: job service start with id 9108.
03-23 10:49:40.265  3297  3726 I PlayCommon: [63] axan.j(1397): Connecting to server for timestamp: https://play.googleapis.com/play/log/timestamp
03-23 10:49:40.271  2353  9007 I Finsky  : [216] nav.a(185): SCH: Satisfied jobs for 9111 are: 1-1337
03-23 10:49:40.273  2353  9007 I Finsky  : [216] nav.a(185): SCH: Satisfied jobs for 9108 are: 10-11
03-23 10:49:40.290  2353  9011 I Finsky  : [217] aheo.accept(94): SCH: Job 1-1337 starting
03-23 10:49:40.291  2353  9011 I Finsky  : [217] ahfq.a(54): SCH: Skip running other jobs while hygiene is running
03-23 10:49:40.304  2353  2353 I Finsky  : [2] RoutineHygieneCoreJob.i(56): DailyHygiene Holdoff skipped
03-23 10:49:40.319  2353  2353 I Finsky  : [2] uyi.a(430): HC: Starting Hygiene for reason 14
03-23 10:49:40.320  2353  2353 I Finsky  : [2] uyi.a(464): HC: Diff version or system, clear token
03-23 10:49:40.320  2353  2353 W Finsky  : [2] mbw.d(17): For unauth, use getDfeApiNonAuthenticated() instead!
03-23 10:49:40.335  2353  2353 I Finsky  : [2] uyi.a(521): HC: Diff system, clear cache
03-23 10:49:40.347  2353  2548 D Volley  : [74] aqtz.b: Cache cleared.
03-23 10:49:40.351  2353  2618 D Volley  : [84] aqtz.b: Cache cleared.
03-23 10:49:40.380  2353  2353 D Volley  : [2] aqty.b: Cache cleared.
03-23 10:49:40.399  3297  3726 W PlayCommon: [63] axan.l(11): No account for auth token provided
03-23 10:49:40.400  3297  3726 I PlayCommon: [63] axan.j(1854): Connecting to server: https://play.googleapis.com/play/log?format=raw&proto_v2=true
03-23 10:49:40.403  2353  2353 W Finsky  : [2] mbw.d(17): For unauth, use getDfeApiNonAuthenticated() instead!
03-23 10:49:40.404  2353  2353 I Finsky  : [2] uyp.f(125): HC: Probe unauthenticated for hygiene pass
03-23 10:49:40.435  2353  2500 I Finsky  : [53] aouk.apply(114): [PLUS] Adding payload case=21
03-23 10:49:40.439  2353  2500 I Finsky  : [53] afmg.F(106): [PLUS] Triggering sync due to NOW_EXCLUSIVE urgency payload
03-23 10:49:40.441  2353  2528 I Finsky  : [61] aqat.n(11): [PLUS] Syncing for users with urgency above: NOW_EXCLUSIVE
03-23 10:49:40.447  2353  2500 I Finsky  : [53] aouq.a(987): [PLUS] Syncing 1 train(s)
03-23 10:49:40.448  2353  2528 I Finsky  : [61] aouu.a(210): [PLUS] Sending payloads for account: [2fKVkThB4QBVOwc88U06EJ4S6Yyqenathz2XlaLEUMg]
03-23 10:49:40.469  3297  3726 I PlayCommon: [63] axan.j(2105): Successfully uploaded logs.
03-23 10:49:40.481  2353  2552 E android.vending: hiddenapi: Accessing hidden method Lcom/android/org/conscrypt/ConscryptEngineSocket;->setUseSessionTickets(Z)V (runtime_flags=CorePlatformApi, domain=core-platform, api=max-target-q,core-platform-api) from Lbjxr; (domain=app) using reflection: denied
03-23 10:49:40.482  2353  2552 E android.vending: hiddenapi: Accessing hidden method Lcom/android/org/conscrypt/OpenSSLSocketImpl;->setUseSessionTickets(Z)V (runtime_flags=CorePlatformApi, domain=core-platform, api=max-target-q,core-platform-api) from Lbjxr; (domain=app) using reflection: denied
03-23 10:49:40.482  2353  2552 E android.vending: hiddenapi: Accessing hidden method Lcom/android/org/conscrypt/AbstractConscryptSocket;->setUseSessionTickets(Z)V (runtime_flags=0, domain=core-platform, api=max-target-q) from Lbjxr; (domain=app) using reflection: denied
03-23 10:49:40.482  2353  2552 E android.vending: hiddenapi: Accessing hidden method Lcom/android/org/conscrypt/ConscryptEngineSocket;->setHostname(Ljava/lang/String;)V (runtime_flags=CorePlatformApi, domain=core-platform, api=max-target-q,core-platform-api) from Lbjxr; (domain=app) using reflection: denied
03-23 10:49:40.482  2353  2552 E android.vending: hiddenapi: Accessing hidden method Lcom/android/org/conscrypt/OpenSSLSocketImpl;->setHostname(Ljava/lang/String;)V (runtime_flags=CorePlatformApi, domain=core-platform, api=max-target-q,core-platform-api) from Lbjxr; (domain=app) using reflection: denied
03-23 10:49:40.482  2353  2552 E android.vending: hiddenapi: Accessing hidden method Lcom/android/org/conscrypt/AbstractConscryptSocket;->setHostname(Ljava/lang/String;)V (runtime_flags=0, domain=core-platform, api=max-target-q) from Lbjxr; (domain=app) using reflection: denied
03-23 10:49:40.482  2353  2552 E android.vending: hiddenapi: Accessing hidden method Lcom/android/org/conscrypt/OpenSSLSocketImpl;->setAlpnProtocols([B)V (runtime_flags=CorePlatformApi, domain=core-platform, api=max-target-q,core-platform-api) from Lbjxr; (domain=app) using reflection: denied
03-23 10:49:40.482  2353  2552 E android.vending: hiddenapi: Accessing hidden method Lcom/android/org/conscrypt/AbstractConscryptSocket;->setAlpnProtocols([B)V (runtime_flags=0, domain=core-platform, api=max-target-q) from Lbjxr; (domain=app) using reflection: denied
03-23 10:49:40.537  2353  2552 E android.vending: hiddenapi: Accessing hidden method Lcom/android/org/conscrypt/OpenSSLSocketImpl;->getAlpnSelectedProtocol()[B (runtime_flags=CorePlatformApi, domain=core-platform, api=max-target-q,core-platform-api) from Lbjxr; (domain=app) using reflection: denied
03-23 10:49:40.537  2353  2552 E android.vending: hiddenapi: Accessing hidden method Lcom/android/org/conscrypt/AbstractConscryptSocket;->getAlpnSelectedProtocol()[B (runtime_flags=0, domain=core-platform, api=max-target-q) from Lbjxr; (domain=app) using reflection: denied
03-23 10:49:41.086  2353  2353 I Finsky  : [2] mxg.accept(156): [PLUS] Received response
03-23 10:49:41.104  2353  2474 I Finsky  : [50] urb.accept(127): [PLUS] Successfully updated PayloadValueStore
03-23 10:49:41.105  2353  2528 I Finsky  : [61] aiqb.a(627): [PLUS] Sync complete, number synced: 1, number failed: 0
03-23 10:49:41.106  2353  2528 I Finsky  : [61] urb.accept(229): Syncing device attributes was successful when fetching experiments.
03-23 10:49:41.120  2353  9021 I HeterodyneSyncer: Removed 0 invalid users
03-23 10:49:41.128   702  1137 D BackgroundInstallControlService: Package event received: 0
03-23 10:49:41.148   702   823 D ActivityManager: sync unfroze 1677 com.google.android.gms for 6
03-23 10:49:41.149   702   823 D ActivityManager: sync unfroze 2669 com.google.android.adservices.api for 6
03-23 10:49:41.162   702   823 W ProcessStats: Tracking association SourceState{5789cc1 com.google.android.gms/10147 ImpBg #7801} whose proc state 6 is better than process ProcessState{f27e3a4 com.google.android.adservices.api/10200 pkg=com.google.android.adservices.api} proc state 14 (3 skipped)
03-23 10:49:41.165  1677  1677 D BoundBrokerSvc: onUnbind: Intent { act=com.google.android.gms.auth.service.START xflg=0x4 pkg=com.google.android.gms }
03-23 10:49:41.188  2353  9021 I Finsky  : [223] awaz.g(9): Sending Heterodyne sync request for package com.android.vending
03-23 10:49:41.201  2353  9021 I axre    : I/O exception (java.net.SocketException) caught when processing request: Broken pipe
03-23 10:49:41.201  2353  9021 I axre    : Retrying request
03-23 10:49:42.284  2353  2384 W System  : A resource failed to call close. 
03-23 10:49:42.530  1363  1638 D SatelliteController: iisInCarrierRoamingNbIotNtn: satellite is disabled
03-23 10:49:42.672  2353  9021 I Finsky  : [223] achj.y(11): Received Heterodyne sync response. StatusCode=200
03-23 10:49:42.804  9027  9027 W dumpsys : Thread Pool max thread count is 0. Cannot cache binder as linkToDeath cannot be implemented. serviceName: package
03-23 10:49:42.854  3123  3125 I artd    : GetBestInfo: odex next to the dex file (/product/priv-app/PrebuiltGmsCore/oat/x86_64/PrebuiltGmsCore.odex) is kOatUpToDate with filter 'verify' executable 'false'
03-23 10:49:42.855  3123  3125 I artd    : GetBestInfo: /data/user_de/0/com.google.android.gms/app_chimera/m/00000001/CronetDynamite.apk has no usable artifacts
03-23 10:49:42.855  3123  3125 I artd    : GetBestInfo: /data/user_de/0/com.google.android.gms/app_chimera/m/00000002/DynamiteLoader.apk has no usable artifacts
03-23 10:49:42.856  3123  3125 I artd    : GetBestInfo: /data/user_de/0/com.google.android.gms/app_chimera/m/00000005/GoogleCertificates.apk has no usable artifacts
03-23 10:49:42.858  3123  3125 I artd    : GetBestInfo: vdex next to the dex file (/data/user/0/com.google.android.gms/app_dg_cache/E054CA794C125F959C88D4849C82AB3F226237E6/oat/x86_64/the.vdex) is kOatUpToDate with filter 'verify' executable 'false'
03-23 10:49:42.858  3123  3125 I artd    : GetBestInfo: /data/user_de/0/com.google.android.gms/app_chimera/m/00000007/MeasurementDynamite.apk has no usable artifacts
03-23 10:49:42.860  3123  3125 I artd    : GetBestInfo: /data/user_de/0/com.google.android.gms/app_chimera/m/00000009/dl-MlkitBarcodeUi.optional_250834100800.apk has no usable artifacts
03-23 10:49:42.928  2353  9021 I Finsky  : [223] acnd.h(12): Triggered update for experiment package com.google.android.finsky.regular.
03-23 10:49:42.935  2353  9016 W RegistrationCommon: Failed to create storageInfo for com.google.android.finsky.regular.
03-23 10:49:42.935  2353  9016 W RegistrationCommon: com.google.android.gms.phenotype.core.common.PhenotypeException: 29514: Storage info not created for Play Store.
03-23 10:49:42.935  2353  9016 W RegistrationCommon: 	at aswm.d(PG:1079)
03-23 10:49:42.935  2353  9016 W RegistrationCommon: 	at asws.b(PG:93)
03-23 10:49:42.935  2353  9016 W RegistrationCommon: 	at awap.call(PG:223)
03-23 10:49:42.935  2353  9016 W RegistrationCommon: 	at baec.a(PG:3)
03-23 10:49:42.935  2353  9016 W RegistrationCommon: 	at badh.run(PG:19)
03-23 10:49:42.935  2353  9016 W RegistrationCommon: 	at baed.run(PG:5)
03-23 10:49:42.935  2353  9016 W RegistrationCommon: 	at java.util.concurrent.ThreadPoolExecutor.runWorker(ThreadPoolExecutor.java:1156)
03-23 10:49:42.935  2353  9016 W RegistrationCommon: 	at java.util.concurrent.ThreadPoolExecutor$Worker.run(ThreadPoolExecutor.java:651)
03-23 10:49:42.935  2353  9016 W RegistrationCommon: 	at bazv.run(PG:59)
03-23 10:49:42.935  2353  9016 W RegistrationCommon: 	at java.lang.Thread.run(Thread.java:1119)
03-23 10:49:42.981  2353  9021 I Finsky  : [223] acnm.c(16): Regular flags synced
03-23 10:49:42.984  2353  9021 I Finsky  : [223] acmy.i(61): Writing flags config, size 1.
03-23 10:49:42.984  2353  9021 I Finsky  : [223] acmy.i(74): Started writing experiment flags into file [4dEVOh7DlClE42ly_19Hs7FqnnFOj9O0dm-zzWqGxeo].
03-23 10:49:42.986  2353  9021 I Finsky  : [223] acmy.i(398): Finished writing experiment flags into file [4dEVOh7DlClE42ly_19Hs7FqnnFOj9O0dm-zzWqGxeo], numFlags=2295.
03-23 10:49:42.988  2353  9021 I Finsky  : [223] acnd.g(61): Successfully applied new configurations for package com.google.android.finsky.regular.
03-23 10:49:42.988  2353  9021 I Finsky  : [223] acnd.g(127): [EExp] Exporting experiments for package com.google.android.finsky.regular.
03-23 10:49:42.988  2353  9021 I Finsky  : [223] agoc.u(25): [EExp] Exporting experiments for namespace com.google.android.finsky.regular.
03-23 10:49:43.004  2353  9021 I Finsky  : [223] acnd.g(173): [EExp] Successfully exported experiments for package com.google.android.finsky.regular.
03-23 10:49:43.005  2353  9021 I Finsky  : [223] acnd.h(12): Triggered update for experiment package com.google.android.finsky.stable.
03-23 10:49:43.009  2353  9022 W RegistrationCommon: Failed to create storageInfo for com.google.android.finsky.stable.
03-23 10:49:43.009  2353  9022 W RegistrationCommon: com.google.android.gms.phenotype.core.common.PhenotypeException: 29514: Storage info not created for Play Store.
03-23 10:49:43.009  2353  9022 W RegistrationCommon: 	at aswm.d(PG:1079)
03-23 10:49:43.009  2353  9022 W RegistrationCommon: 	at asws.b(PG:93)
03-23 10:49:43.009  2353  9022 W RegistrationCommon: 	at awap.call(PG:223)
03-23 10:49:43.009  2353  9022 W RegistrationCommon: 	at baec.a(PG:3)
03-23 10:49:43.009  2353  9022 W RegistrationCommon: 	at badh.run(PG:19)
03-23 10:49:43.009  2353  9022 W RegistrationCommon: 	at baed.run(PG:5)
03-23 10:49:43.009  2353  9022 W RegistrationCommon: 	at java.util.concurrent.ThreadPoolExecutor.runWorker(ThreadPoolExecutor.java:1156)
03-23 10:49:43.009  2353  9022 W RegistrationCommon: 	at java.util.concurrent.ThreadPoolExecutor$Worker.run(ThreadPoolExecutor.java:651)
03-23 10:49:43.009  2353  9022 W RegistrationCommon: 	at bazv.run(PG:59)
03-23 10:49:43.009  2353  9022 W RegistrationCommon: 	at java.lang.Thread.run(Thread.java:1119)
03-23 10:49:43.040  2353  9021 I Finsky  : [223] acmy.i(61): Writing flags config, size 1.
03-23 10:49:43.040  2353  9021 I Finsky  : [223] acmy.i(74): Started writing experiment flags into file [8uKij9Tp4PZyjSvh8NyLyFvuCv94NONrKvkkdzEKIoQ].
03-23 10:49:43.042  2353  9021 I Finsky  : [223] acmy.i(398): Finished writing experiment flags into file [8uKij9Tp4PZyjSvh8NyLyFvuCv94NONrKvkkdzEKIoQ], numFlags=2066.
03-23 10:49:43.048  2353  9021 I Finsky  : [223] acnd.g(61): Successfully applied new configurations for package com.google.android.finsky.stable.
03-23 10:49:43.048  2353  9021 I Finsky  : [223] acnd.g(127): [EExp] Exporting experiments for package com.google.android.finsky.stable.
03-23 10:49:43.048  2353  9021 I Finsky  : [223] agoc.u(25): [EExp] Exporting experiments for namespace com.google.android.finsky.stable.
03-23 10:49:43.051  2353  9021 I Finsky  : [223] acnd.g(173): [EExp] Successfully exported experiments for package com.google.android.finsky.stable.
03-23 10:49:43.051  2353  9021 I Finsky  : [223] uyp.b(6): HC: beginRecoverGmscoreIfApplicable
03-23 10:49:43.051  2353  9021 I Finsky  : [223] uyp.b(36): HC: No target version, skip Gmscore recovery.
03-23 10:49:43.058  2353  2521 I Finsky  : [57] ahxr.b(11): SUH: Syncing device attributes was successful in self update.
03-23 10:49:43.078  2353  9030 I Finsky  : [225] rij.accept(102): Wrote row to frosting DB: 268
03-23 10:49:43.302   702  1150 D androidtc: Initializing SystemTextClassifier, type = System
03-23 10:49:43.302  1903  1903 I AiAiTextClassifier: onCreateTextClassificationSession = TextClassificationSessionId {f4dc233b-5c15-4f3a-adf5-ce44808ecb79}
03-23 10:49:43.304   702  1150 E ClipboardService: Denying clipboard access to com.android.chrome, application is not in focus nor is it a system service for user 0
03-23 10:49:43.305  1903  2149 I AiAiTextClassifier: GenerateLinks did not find valid links, returning empty result
03-23 10:49:43.306   702  1151 E ClipboardService: Denying clipboard access to com.android.chrome, application is not in focus nor is it a system service for user 0
03-23 10:49:43.306  1903  2118 I AiAiTranslate: C2T - not in a conversation
03-23 10:49:43.307  1182  1182 I ClipboardListener: Clipboard overlay suppressed.
03-23 10:49:43.309  1182  1182 I ClipboardListener: Clipboard overlay suppressed.
03-23 10:49:43.311  1903  2149 I AiAiTextClassifier: GenerateLinks did not find valid links, returning empty result
03-23 10:49:43.413  2353  2549 I Finsky  : [75] rvq.accept(628): [EExp] Exporting release experiments.
03-23 10:49:43.422  2353  2353 I Finsky  : [2] ahxt.e(24): SUH: [self-update] Got DFE self-update. Local Version [version=84532130,derivedid=6,splits=[]] < Server Version [version=85051930,derivedid=3,splits=[config.en, config.x86_64, phonesky_data_loader, phonesky_data_loader.config.x86_64, phonesky_webrtc_native_lib, phonesky_webrtc_native_lib.config.x86_64, base.dm]]
03-23 10:49:43.423  2353  5799 I Finsky  : [180] rij.accept(128): [EExp] Successfully exported release experiments.
03-23 10:49:43.429  2353  9030 I Finsky  : [225] rij.accept(102): Wrote row to frosting DB: 269
03-23 10:49:43.435  2353  2353 I Finsky  : [2] ahwz.g(169): SU: Starting DFE self-update from local binary [version=84532130,derivedid=6,splits=[]] to server binary [version=85051930,derivedid=3,splits=[config.en, config.x86_64, phonesky_data_loader, phonesky_data_loader.config.x86_64, phonesky_webrtc_native_lib, phonesky_webrtc_native_lib.config.x86_64, base.dm]]
03-23 10:49:43.452  2353  2353 D nativeloader: Load /product/priv-app/Phonesky/Phonesky.apk!/lib/x86_64/libzwrapper.so using class loader ns product-clns-9 (caller=/product/priv-app/Phonesky/Phonesky.apk!classes5.dex): ok
03-23 10:49:43.456  2353  2353 I Finsky  : [2] mer.b(108): File-by-file compatibility check finished, isCompatible=true
03-23 10:49:43.464   702  1137 D BackgroundInstallControlService: Package event received: 0
03-23 10:49:43.465  2353  2353 I Finsky  : [2] ahxt.e(24): SUH: [self-update] Got DFE self-update. Local Version [version=84532130,derivedid=6,splits=[]] < Server Version [version=85051930,derivedid=3,splits=[config.en, config.x86_64, phonesky_data_loader, phonesky_data_loader.config.x86_64, phonesky_webrtc_native_lib, phonesky_webrtc_native_lib.config.x86_64, base.dm]]
03-23 10:49:43.468  2353  9030 I Finsky  : [225] rij.accept(102): Wrote row to frosting DB: 270
03-23 10:49:43.480  3297  3297 I Endpoint: Created gRPC endpoint for service class com.google.frameworks.client.data.android.server.play.BackgroundProcessEndpointService
03-23 10:49:43.491   702   731 D ActivityManager: sync unfroze 3692 com.android.vending:quick_launch for 6
03-23 10:49:43.514  3692  3692 I Finsky:quick_launch: [2] zhz.onTrimMemory(11): Memory trim requested to level 40
03-23 10:49:43.522  3692  3692 I Finsky:quick_launch: [2] zhz.onTrimMemory(11): Memory trim requested to level 40
03-23 10:49:43.522  3692  3692 I Finsky:quick_launch: [2] zhz.onTrimMemory(11): Memory trim requested to level 40
03-23 10:49:43.522  3692  3692 I Finsky:quick_launch: [2] zhz.onTrimMemory(11): Memory trim requested to level 40
03-23 10:49:43.522  3692  3692 I Finsky:quick_launch: [2] zhz.onTrimMemory(11): Memory trim requested to level 40
03-23 10:49:43.523  3692  3692 I Finsky:quick_launch: [2] zhz.onTrimMemory(11): Memory trim requested to level 40
03-23 10:49:43.523  3692  3692 I Finsky:quick_launch: [2] zhz.onTrimMemory(11): Memory trim requested to level 40
03-23 10:49:43.523  3692  3692 I Finsky:quick_launch: [2] zhz.onTrimMemory(11): Memory trim requested to level 40
03-23 10:49:43.524  3692  4012 I PlayCommon: [66] axan.j(213): Preparing logs for uploading
03-23 10:49:43.524  3692  3692 I Finsky:quick_launch: [2] zhz.onTrimMemory(11): Memory trim requested to level 40
03-23 10:49:43.524  3692  3692 I Finsky:quick_launch: [2] zhz.onTrimMemory(11): Memory trim requested to level 40
03-23 10:49:43.524  3692  3692 I Finsky:quick_launch: [2] zhz.onTrimMemory(11): Memory trim requested to level 40
03-23 10:49:43.524  3692  3692 I Finsky:quick_launch: [2] zhz.onTrimMemory(11): Memory trim requested to level 40
03-23 10:49:43.525  3692  3692 I Finsky:quick_launch: [2] zhz.onTrimMemory(11): Memory trim requested to level 40
03-23 10:49:43.534  3692  3692 I Endpoint: Created gRPC endpoint for service class com.google.frameworks.client.data.android.server.play.QuickLaunchProcessEndpointService
03-23 10:49:43.550  3692  4012 I PlayCommon: [66] axan.j(1397): Connecting to server for timestamp: https://play.googleapis.com/play/log/timestamp
03-23 10:49:43.561  2353  2529 I Finsky  : [62] rtl.accept(58): SCH: Scheduling phonesky job Id: 2-782066, CT: 1774243183461, Constraints: [{ L: 0, D: 0, C: CHARGING_NONE, I: IDLE_NONE, N: NET_NONE, B: BATTERY_ANY }, { L: 0, D: 0, C: CHARGING_NONE, I: IDLE_NONE, N: NET_NONE, B: BATTERY_ANY }]
03-23 10:49:43.570  2353  2528 I Finsky  : [61] naw.apply(251): SCH: Scheduling 0 system job(s)
03-23 10:49:43.577  2353  2529 I Finsky  : [62] rtl.accept(58): SCH: Scheduling phonesky job Id: 10-1, CT: 1774243183476, Constraints: [{ L: 0, D: 86400000, C: CHARGING_NONE, I: IDLE_NONE, N: NET_ANY, B: BATTERY_ANY }, { L: 0, D: 0, C: CHARGING_NONE, I: IDLE_NONE, N: NET_NONE, B: BATTERY_ANY }]
03-23 10:49:43.577  2353  2529 I Finsky  : [62] rtl.accept(58): SCH: Scheduling phonesky job Id: 10-4, CT: 1774243183476, Constraints: [{ L: 1200000, D: 86400000, C: CHARGING_NONE, I: IDLE_NONE, N: NET_ANY, B: BATTERY_ANY }]
03-23 10:49:43.577  2353  2529 I Finsky  : [62] rtl.accept(58): SCH: Scheduling phonesky job Id: 10-12, CT: 1774243183478, Constraints: [{ L: 0, D: 43200000, C: CHARGING_NONE, I: IDLE_NONE, N: NET_ANY, B: BATTERY_ANY }, { L: 0, D: 0, C: CHARGING_NONE, I: IDLE_NONE, N: NET_NONE, B: BATTERY_ANY }]
03-23 10:49:43.577  2353  2529 I Finsky  : [62] rtl.accept(58): SCH: Scheduling phonesky job Id: 10-33, CT: 1774243183478, Constraints: [{ L: 0, D: 86400000, C: CHARGING_NONE, I: IDLE_NONE, N: NET_ANY, B: BATTERY_ANY }, { L: 0, D: 0, C: CHARGING_NONE, I: IDLE_NONE, N: NET_NONE, B: BATTERY_ANY }]
03-23 10:49:43.577  2353  2529 I Finsky  : [62] rtl.accept(58): SCH: Scheduling phonesky job Id: 10-26, CT: 1774243183478, Constraints: [{ L: 600000, D: 86400000, C: CHARGING_NONE, I: IDLE_NONE, N: NET_ANY, B: BATTERY_ANY }]
03-23 10:49:43.577  2353  2529 I Finsky  : [62] rtl.accept(58): SCH: Scheduling phonesky job Id: 10-3, CT: 1774243183478, Constraints: [{ L: 0, D: 86400000, C: CHARGING_NONE, I: IDLE_NONE, N: NET_ANY, B: BATTERY_ANY }, { L: 0, D: 0, C: CHARGING_NONE, I: IDLE_NONE, N: NET_NONE, B: BATTERY_ANY }]
03-23 10:49:43.577  2353  2529 I Finsky  : [62] rtl.accept(58): SCH: Scheduling phonesky job Id: 10-14, CT: 1774243183478, Constraints: [{ L: 0, D: 86400000, C: CHARGING_NONE, I: IDLE_NONE, N: NET_ANY, B: BATTERY_ANY }, { L: 0, D: 0, C: CHARGING_NONE, I: IDLE_NONE, N: NET_NONE, B: BATTERY_ANY }]
03-23 10:49:43.578  2353  2529 I Finsky  : [62] rtl.accept(58): SCH: Scheduling phonesky job Id: 10-20, CT: 1774243183478, Constraints: [{ L: 0, D: 86400000, C: CHARGING_NONE, I: IDLE_NONE, N: NET_ANY, B: BATTERY_ANY }, { L: 0, D: 0, C: CHARGING_NONE, I: IDLE_NONE, N: NET_NONE, B: BATTERY_ANY }]
03-23 10:49:43.578  2353  2529 I Finsky  : [62] rtl.accept(58): SCH: Scheduling phonesky job Id: 10-98, CT: 1774243183478, Constraints: [{ L: 0, D: 86400000, C: CHARGING_NONE, I: IDLE_NONE, N: NET_ANY, B: BATTERY_ANY }, { L: 0, D: 0, C: CHARGING_NONE, I: IDLE_NONE, N: NET_NONE, B: BATTERY_ANY }]
03-23 10:49:43.578  2353  2529 I Finsky  : [62] rtl.accept(58): SCH: Scheduling phonesky job Id: 10-9, CT: 1774243183478, Constraints: [{ L: 0, D: 86400000, C: CHARGING_NONE, I: IDLE_NONE, N: NET_ANY, B: BATTERY_ANY }, { L: 0, D: 0, C: CHARGING_NONE, I: IDLE_NONE, N: NET_NONE, B: BATTERY_ANY }]
03-23 10:49:43.578  2353  2529 I Finsky  : [62] rtl.accept(58): SCH: Scheduling phonesky job Id: 10-113, CT: 1774243183478, Constraints: [{ L: 0, D: 86400000, C: CHARGING_NONE, I: IDLE_NONE, N: NET_ANY, B: BATTERY_ANY }, { L: 0, D: 0, C: CHARGING_NONE, I: IDLE_NONE, N: NET_NONE, B: BATTERY_ANY }]
03-23 10:49:43.578  2353  2529 I Finsky  : [62] rtl.accept(58): SCH: Scheduling phonesky job Id: 10-82, CT: 1774243183478, Constraints: [{ L: 0, D: 86400000, C: CHARGING_NONE, I: IDLE_NONE, N: NET_ANY, B: BATTERY_ANY }, { L: 0, D: 0, C: CHARGING_NONE, I: IDLE_NONE, N: NET_NONE, B: BATTERY_ANY }]
03-23 10:49:43.578  2353  2529 I Finsky  : [62] rtl.accept(58): SCH: Scheduling phonesky job Id: 10-46, CT: 1774243183478, Constraints: [{ L: 0, D: 86400000, C: CHARGING_NONE, I: IDLE_NONE, N: NET_ANY, B: BATTERY_ANY }, { L: 0, D: 0, C: CHARGING_NONE, I: IDLE_NONE, N: NET_NONE, B: BATTERY_ANY }]
03-23 10:49:43.579  2353  2529 I Finsky  : [62] rtl.accept(58): SCH: Scheduling phonesky job Id: 10-53, CT: 1774243183478, Constraints: [{ L: 0, D: 86400000, C: CHARGING_NONE, I: IDLE_NONE, N: NET_ANY, B: BATTERY_ANY }, { L: 0, D: 0, C: CHARGING_NONE, I: IDLE_NONE, N: NET_NONE, B: BATTERY_ANY }]
03-23 10:49:43.579  2353  2529 I Finsky  : [62] rtl.accept(58): SCH: Scheduling phonesky job Id: 10-41, CT: 1774243183478, Constraints: [{ L: 0, D: 86400000, C: CHARGING_NONE, I: IDLE_NONE, N: NET_ANY, B: BATTERY_ANY }, { L: 0, D: 0, C: CHARGING_NONE, I: IDLE_NONE, N: NET_NONE, B: BATTERY_ANY }]
03-23 10:49:43.579  2353  2529 I Finsky  : [62] rtl.accept(58): SCH: Scheduling phonesky job Id: 10-73, CT: 1774243183478, Constraints: [{ L: 0, D: 86400000, C: CHARGING_NONE, I: IDLE_NONE, N: NET_ANY, B: BATTERY_ANY }, { L: 0, D: 0, C: CHARGING_NONE, I: IDLE_NONE, N: NET_NONE, B: BATTERY_ANY }]
03-23 10:49:43.580  2353  2529 I Finsky  : [62] rtl.accept(58): SCH: Scheduling phonesky job Id: 10-76, CT: 1774243183478, Constraints: [{ L: 0, D: 86400000, C: CHARGING_NONE, I: IDLE_NONE, N: NET_ANY, B: BATTERY_ANY }, { L: 0, D: 0, C: CHARGING_NONE, I: IDLE_NONE, N: NET_NONE, B: BATTERY_ANY }]
03-23 10:49:43.580  2353  2529 I Finsky  : [62] rtl.accept(58): SCH: Scheduling phonesky job Id: 10-79, CT: 1774243183478, Constraints: [{ L: 0, D: 86400000, C: CHARGING_NONE, I: IDLE_REQUIRED, N: NET_ANY, B: BATTERY_ANY }]
03-23 10:49:43.580  2353  2529 I Finsky  : [62] rtl.accept(58): SCH: Scheduling phonesky job Id: 10-168, CT: 1774243183478, Constraints: [{ L: 0, D: 86400000, C: CHARGING_NONE, I: IDLE_REQUIRED, N: NET_ANY, B: BATTERY_ANY }]
03-23 10:49:43.580  2353  2529 I Finsky  : [62] rtl.accept(58): SCH: Scheduling phonesky job Id: 10-87, CT: 1774243183478, Constraints: [{ L: 0, D: 86400000, C: CHARGING_NONE, I: IDLE_NONE, N: NET_ANY, B: BATTERY_ANY }, { L: 0, D: 0, C: CHARGING_NONE, I: IDLE_NONE, N: NET_NONE, B: BATTERY_ANY }]
03-23 10:49:43.580  2353  2529 I Finsky  : [62] rtl.accept(58): SCH: Scheduling phonesky job Id: 10-91, CT: 1774243183478, Constraints: [{ L: 0, D: 86400000, C: CHARGING_NONE, I: IDLE_NONE, N: NET_ANY, B: BATTERY_ANY }, { L: 0, D: 0, C: CHARGING_NONE, I: IDLE_NONE, N: NET_NONE, B: BATTERY_ANY }]
03-23 10:49:43.580  2353  2529 I Finsky  : [62] rtl.accept(58): SCH: Scheduling phonesky job Id: 10-166, CT: 1774243183479, Constraints: [{ L: 0, D: 86400000, C: CHARGING_NONE, I: IDLE_NONE, N: NET_ANY, B: BATTERY_ANY }, { L: 0, D: 0, C: CHARGING_NONE, I: IDLE_NONE, N: NET_NONE, B: BATTERY_ANY }]
03-23 10:49:43.581  2353  2529 I Finsky  : [62] rtl.accept(58): SCH: Scheduling phonesky job Id: 10-123, CT: 1774243183479, Constraints: [{ L: 600000, D: 86400000, C: CHARGING_NONE, I: IDLE_NONE, N: NET_ANY, B: BATTERY_ANY }]
03-23 10:49:43.581  2353  2529 I Finsky  : [62] rtl.accept(58): SCH: Scheduling phonesky job Id: 10-167, CT: 1774243183479, Constraints: [{ L: 0, D: 43200000, C: CHARGING_NONE, I: IDLE_NONE, N: NET_ANY, B: BATTERY_ANY }, { L: 0, D: 0, C: CHARGING_NONE, I: IDLE_NONE, N: NET_NONE, B: BATTERY_ANY }]
03-23 10:49:43.585  2353  2528 I Finsky  : [61] naw.apply(251): SCH: Scheduling 1 system job(s)
03-23 10:49:43.586  2353  2528 I Finsky  : [61] aher.b(244): SCH: Scheduling system job Id: 9114, L: 0, D: 86399892, C: false, I: true, N: 1
03-23 10:49:43.596  2353  2353 I Finsky  : [2] uyh.b(6): Hygiene tasks scheduled
03-23 10:49:43.598  2353  2353 I Finsky  : [2] ahev.q(56): SCH: jobFinished: 1-1337. TimeElapsed: 3306ms.
03-23 10:49:43.612  2353  2353 I Finsky  : [2] aheo.accept(94): SCH: Job 10-11 starting
03-23 10:49:43.613  2353  2528 I Finsky  : [61] aiqb.a(1043): Running split install cleaner
03-23 10:49:43.615  2353  9007 I Finsky  : [216] nav.a(185): SCH: Satisfied jobs for 9111 are: 10-1, 10-3, 10-9, 10-12, 10-14, 10-20, 10-33, 10-41, 10-46, 10-53, 10-73, 10-76, 10-82, 10-87, 10-91, 10-98, 10-113, 10-166, 10-167
03-23 10:49:43.618  2353  9041 I Finsky  : [228] aiks.accept(29): Removed 0 obsolete sessions.
03-23 10:49:43.621  2353  9041 I Finsky  : [228] aiqa.accept(156): Removed 0 corrupted downloaded sessions.
03-23 10:49:43.621   702   823 W AppOps  : Noting op not finished: uid 10147 pkg com.google.android.gms code 113 startTime of in progress event=1774242604569
03-23 10:49:43.624  2353  9041 I Finsky  : [228] aiks.accept(96): Finished completion of 0 sessions. Successful: 0. Failed: 0.
03-23 10:49:43.628  2353  9011 I Finsky  : [217] aheo.accept(94): SCH: Job 10-1 starting
03-23 10:49:43.631   702  2787 W AppOps  : Noting op not finished: uid 10147 pkg com.google.android.gms code 79 startTime of in progress event=1774242633085
03-23 10:49:43.631  2353  2528 I Finsky  : [61] rtl.accept(58): SCH: Scheduling phonesky job Id: 1-1337, CT: 1774243183607, Constraints: [{ L: 17687269, D: 60887269, C: CHARGING_NONE, I: IDLE_NONE, N: NET_ANY, B: BATTERY_ANY }]
03-23 10:49:43.634  1565  2376 I ActivityScheduler: nextTriggerTime: 924990, in 238100ms, detectorType: 39, FULL_TYPE alarmWindowMillis: 80000
03-23 10:49:43.637   702   745 D ActivityManager: sync unfroze 4311 com.google.android.gms.unstable for 10
03-23 10:49:43.645  2353  2521 I Finsky  : [57] naw.apply(251): SCH: Scheduling 0 system job(s)
03-23 10:49:43.646  2353  9011 I Finsky  : [217] aheo.accept(94): SCH: Job 10-3 starting
03-23 10:49:43.647  2353  9011 I Finsky  : [217] aheo.accept(94): SCH: Job 10-9 starting
03-23 10:49:43.649  2353  2528 I Finsky  : [61] ahev.q(56): SCH: jobFinished: 10-11. TimeElapsed: 37ms.
03-23 10:49:43.651  2353  9021 I Finsky  : [223] ahev.q(56): SCH: jobFinished: 10-9. TimeElapsed: 4ms.
03-23 10:49:43.652  2353  9047 I PlayCore: UID: [10145]  PID: [2353] StandardIntegrity : warmUpIntegrityToken(815409574534)
03-23 10:49:43.655  2353  9045 I PlayCore: UID: [10145]  PID: [2353] StandardIntegrity : Initiate binding to the service.
03-23 10:49:43.672  2353  2353 I Finsky  : [2] aheo.accept(94): SCH: Job 10-12 starting
03-23 10:49:43.674  2353  2353 I PlayCore: UID: [10145]  PID: [2353] StandardIntegrity : ServiceConnectionImpl.onServiceConnected(ComponentInfo{com.android.vending/com.google.android.finsky.expressintegrityservice.ExpressIntegrityService})
03-23 10:49:43.675  2353  2521 W Settings: Setting install_non_market_apps has moved from android.provider.Settings.Global to android.provider.Settings.Secure, returning read-only value.
03-23 10:49:43.675  2353  2521 W Settings: Setting download_manager_max_bytes_over_mobile has moved from android.provider.Settings.Secure to android.provider.Settings.Global.
03-23 10:49:43.675  2353  9045 I PlayCore: UID: [10145]  PID: [2353] StandardIntegrity : linkToDeath
03-23 10:49:43.677  2353  2521 I Finsky  : [57] ahev.q(56): SCH: jobFinished: 10-1. TimeElapsed: 45ms.
03-23 10:49:43.687  2353  2563 I PlayCommon: [79] axan.j(213): Preparing logs for uploading
03-23 10:49:43.688  2353  2563 W PlayCommon: [79] axan.l(11): No account for auth token provided
03-23 10:49:43.688  2353  2563 I PlayCommon: [79] axan.j(1854): Connecting to server: https://play.googleapis.com/play/log?format=raw&proto_v2=true
03-23 10:49:43.689  2353  2353 I Finsky  : [2] aheo.accept(94): SCH: Job 10-14 starting
03-23 10:49:43.690  2353  2353 I Finsky  : [2] InstantAppsEnabledStatusSyncHygieneJob.a(26): Instant App status sync triggered from migrated hygiene.
03-23 10:49:43.694  2353  2521 I Finsky  : [57] whj.call(582): Enqueue status sync job.
03-23 10:49:43.695  2353  2521 W JobInfo : Job 'com.android.vending/com.google.android.finsky.instantapps.statussync.EnabledStatusSyncService#160422051' has a deadline with no functional constraints. The deadline won't improve job execution latency. Consider removing the deadline.
03-23 10:49:43.696  2353  9007 I Finsky  : [216] nav.a(185): SCH: Satisfied jobs for 9108 are: 2-782066, 10-1, 10-3, 10-12, 10-14, 10-20, 10-33, 10-41, 10-46, 10-53, 10-73, 10-76, 10-82, 10-87, 10-91, 10-98, 10-113, 10-166, 10-167
03-23 10:49:43.698   702  2346 W JobInfo : Job 'com.android.vending/com.google.android.finsky.instantapps.statussync.EnabledStatusSyncService#160422051' has a deadline with no functional constraints. The deadline won't improve job execution latency. Consider removing the deadline.
03-23 10:49:43.699  3692  4012 W PlayCommon: [66] axan.l(11): No account for auth token provided
03-23 10:49:43.699  3692  4012 I PlayCommon: [66] axan.j(1854): Connecting to server: https://play.googleapis.com/play/log?format=raw&proto_v2=true
03-23 10:49:43.708   702  2346 D ActivityManager: sync unfroze 2589 com.android.vending:instant_app_installer for 6
03-23 10:49:43.720  2353  2521 I Finsky  : [57] ahev.q(56): SCH: jobFinished: 10-14. TimeElapsed: 30ms.
03-23 10:49:43.742  2353  2353 I Finsky  : [2] aheo.accept(94): SCH: Job 10-20 starting
03-23 10:49:43.743  2353  2353 I Finsky  : [2] DeferredVpaNotificationHygieneJob.a(6): Start Vpa Service for Deferred Setup Notification
03-23 10:49:43.744  2353  2353 I Finsky  : [2] VpaService.n(20): setup::PAI: Should start deferred PAI step because required PAIs not yet processed
03-23 10:49:43.746   702  2346 D CompatChangeReporter: Compat change id reported: 311208749; UID 10145; state: ENABLED
03-23 10:49:43.748   702  2346 I ActivityManager: Background started FGS: Allowed [callingPackage: com.android.vending; callingUid: 10145; uidState: TRNB; uidBFSL: n/a; intent: Intent { dat=vpaservice://startvpafordeferredsetupnotification/... xflg=0x4 cmp=com.android.vending/com.google.android.finsky.setup.VpaService }; code:BACKGROUND_ACTIVITY_PERMISSION; tempAllowListReason:<,reasonCode:SYSTEM_ALLOW_LISTED,duration:9223372036854775807,callingUid:-1>; allowWiu:58; targetSdkVersion:35; callerTargetSdkVersion:35; startForegroundCount:0; bindFromPackage:null: isBindService:false]
03-23 10:49:43.754  2353  2353 I Finsky  : [2] ahev.q(56): SCH: jobFinished: 10-20. TimeElapsed: 12ms.
03-23 10:49:43.760  2353  2353 I Finsky  : [2] VpaService.a(23): setup::PAI: VpaService is called for vpaservice://startvpafordeferredsetupnotification (pending launches = 0)
03-23 10:49:43.764  3692  4012 I PlayCommon: [66] axan.j(2105): Successfully uploaded logs.
03-23 10:49:43.768  2353  2353 I Finsky  : [2] VpaService.a(102): Setup Notification: show VpaService notification with id=42864
03-23 10:49:43.770   702   823 D CompatChangeReporter: Compat change id reported: 296558535; UID 10145; state: ENABLED
03-23 10:49:43.770   702   823 D CompatChangeReporter: Compat change id reported: 317799821; UID 10145; state: ENABLED
03-23 10:49:43.770   702   823 D CompatChangeReporter: Compat change id reported: 313677553; UID 10145; state: ENABLED
03-23 10:49:43.774   702   823 W ForegroundServiceTypeLoggerModule: Foreground service start for UID: 10145 does not have any types
03-23 10:49:43.775   702  1137 D BackgroundInstallControlService: Package event received: 0
03-23 10:49:43.781   702  2346 D WifiNl80211Manager: Scan result ready event
03-23 10:49:43.781   702  2346 D WifiNative: Scan result ready event
03-23 10:49:43.784  2353  2529 I Finsky  : [62] aouk.apply(114): [PLUS] Adding payload case=5
03-23 10:49:43.784  2353  2529 I Finsky  : [62] afmg.F(106): [PLUS] Triggering sync due to NOW urgency payload
03-23 10:49:43.784  1565  3913 I WifiScanner: onFullResults
03-23 10:49:43.790  2353  2521 I Finsky  : [57] aqat.n(11): [PLUS] Syncing for users with urgency above: NOW
03-23 10:49:43.794   702  1084 I HalDevMgr: bestIfaceCreationProposal is null, requestIface=STA, existingIface=[name=wlan0 type=STA]
03-23 10:49:43.797  2353  2521 I Finsky  : [57] aouq.a(987): [PLUS] Syncing 1 train(s)
03-23 10:49:43.797  2353  2521 I Finsky  : [57] aouu.a(210): [PLUS] Sending payloads for account: [2fKVkThB4QBVOwc88U06EJ4S6Yyqenathz2XlaLEUMg]
03-23 10:49:43.810  2353  2563 I PlayCommon: [79] axan.j(2105): Successfully uploaded logs.
03-23 10:49:43.814  2353  2551 E android.vending: hiddenapi: Accessing hidden method Lcom/android/org/conscrypt/ConscryptEngineSocket;->setUseSessionTickets(Z)V (runtime_flags=CorePlatformApi, domain=core-platform, api=max-target-q,core-platform-api) from Lbjxr; (domain=app) using reflection: denied
03-23 10:49:43.814  2353  2551 E android.vending: hiddenapi: Accessing hidden method Lcom/android/org/conscrypt/OpenSSLSocketImpl;->setUseSessionTickets(Z)V (runtime_flags=CorePlatformApi, domain=core-platform, api=max-target-q,core-platform-api) from Lbjxr; (domain=app) using reflection: denied
03-23 10:49:43.814  2353  2551 E android.vending: hiddenapi: Accessing hidden method Lcom/android/org/conscrypt/AbstractConscryptSocket;->setUseSessionTickets(Z)V (runtime_flags=0, domain=core-platform, api=max-target-q) from Lbjxr; (domain=app) using reflection: denied
03-23 10:49:43.814  2353  2551 E android.vending: hiddenapi: Accessing hidden method Lcom/android/org/conscrypt/ConscryptEngineSocket;->setHostname(Ljava/lang/String;)V (runtime_flags=CorePlatformApi, domain=core-platform, api=max-target-q,core-platform-api) from Lbjxr; (domain=app) using reflection: denied
