03-23 10:49:46.403  2353  2528 I Finsky  : [61] aouu.a(210): [PLUS] Sending payloads for account: [2fKVkThB4QBVOwc88U06EJ4S6Yyqenathz2XlaLEUMg]
03-23 10:49:46.410  3297  9077 I Finsky:background: [81] ardf.l(30): DS::IDC: updateWith: <1:RUNNING:11%[11%]>
03-23 10:49:46.412  2353  2353 I Finsky  : [2] rji.c(106): DSC::L: Update all listeners for download <1:RUNNING:11%[11%]> in group Google Play:GcTEgaGuS8G5ZVW-MLyHFg
03-23 10:49:46.413  2353  2353 I Finsky  : [2] rji.c(146): DSC::L: Updating listener ahwb@5ef6d4f for download <1:RUNNING:11%[11%]>
03-23 10:49:46.413  2353  2353 I Finsky  : [2] ahvx.f(89): SU: Received onStateUpdate with status: 2
03-23 10:49:46.413  2353  2353 I Finsky  : [2] rji.c(146): DSC::L: Updating listener nmp@f0aa82b for download <1:RUNNING:11%[11%]>
03-23 10:49:46.414  2353  2353 I Finsky  : [2] rji.c(146): DSC::L: Updating listener rdp@6cadf4d for download <1:RUNNING:11%[11%]>
03-23 10:49:46.414  2353  2353 I Finsky  : [2] rji.c(146): DSC::L: Updating listener DownloadServiceManagerListener::ptr@a226ee4 for download <1:RUNNING:11%[11%]>
03-23 10:49:46.417  2353  2353 I Finsky  : [2] rdn.f(177): DSM::L:status update is skipped for non-installer download.
03-23 10:49:46.417  2353  2353 I Finsky  : [2] rji.c(146): DSC::L: Updating listener DownloadServiceManagerListener::afqu@c6ddfd8 for download <1:RUNNING:11%[11%]>
03-23 10:49:46.419  2353  2353 I Finsky  : [2] rdn.f(177): DSM::L:status update is skipped for non-installer download.
03-23 10:49:46.451   702  2787 I RemoteProvisionSysSvc: getRegistration(android.hardware.security.keymint.IRemotelyProvisionedComponent/default)
03-23 10:49:46.454   702  1137 D BackgroundInstallControlService: Package event received: 0
03-23 10:49:46.454   702  1137 D BackgroundInstallControlService: Package event received: 0
03-23 10:49:46.458   702   702 I RegistrationProxy: onServiceConnected: com.android.rkpdapp.service.RemoteProvisioningService
03-23 10:49:46.463   702  2787 I RegistrationProxy: IGetRegistrationCallback.onSuccess
03-23 10:49:46.470   702  2346 I RemoteProvisionSysSvc: Fetching key 10145 for client 42143603
03-23 10:49:46.470   702  2346 I RegistrationProxy: getKeyAsync operation started with callback 108318256
03-23 10:49:46.471  4550  9117 I RkpdRegistrationBinder: Key requested for : android.hardware.security.keymint.IRemotelyProvisionedComponent/default, clientUid: 1017, keyId: 10145, callback: 206109275
03-23 10:49:46.472  4550  9117 I RkpdRegistrationBinder: Key successfully assigned to client
03-23 10:49:46.473   702   702 I RemoteProvisionSysSvc: Successfully fetched key for client 42143603
03-23 10:49:46.479   275   275 D SoftKeymaster: system/keymaster/km_openssl/certificate_utils.cpp, Line 148: Using TAG_CERTIFICATE_NOT_BEFORE: 0
03-23 10:49:46.479   275   275 D SoftKeymaster: system/keymaster/km_openssl/certificate_utils.cpp, Line 154: Using TAG_CERTIFICATE_NOT_AFTER: 2461449600000
03-23 10:49:46.479   275   275 D SoftKeymaster: system/keymaster/km_openssl/certificate_utils.cpp, Line 159: Got certificate date params:  NotBefore = 0, NotAfter = 2461449600000
03-23 10:49:46.479   275   275 D SoftKeymaster: system/keymaster/km_openssl/certificate_utils.cpp, Line 273: Setting notBefore to 0
03-23 10:49:46.479   275   275 D SoftKeymaster: system/keymaster/km_openssl/certificate_utils.cpp, Line 282: Setting notAfter to 2461449600
03-23 10:49:46.493  2353  9140 I Finsky  : [248] wmn.a(397): Integrity key attestation record generated successfully.
03-23 10:49:46.640  1565  1565 D BoundBrokerSvc: onBind: Intent { act=com.google.android.gms.play.integrity.api.service.IntegrityApiDisplayListenerApiService.START dat=chimera-action:/... xflg=0x4 cmp=com.google.android.gms/.chimera.PersistentApiServiceNoInstantApps }
03-23 10:49:46.640  1565  1565 D BoundBrokerSvc: Loading bound service for intent: Intent { act=com.google.android.gms.play.integrity.api.service.IntegrityApiDisplayListenerApiService.START dat=chimera-action:/... xflg=0x4 cmp=com.google.android.gms/.chimera.PersistentApiServiceNoInstantApps }
03-23 10:49:46.648  2353  2521 I PlayCore: UID: [10145]  PID: [2353] OnWarmUpIntegrityTokenCallback : onWarmUpExpressIntegrityToken
03-23 10:49:46.649  2353  9045 I PlayCore: UID: [10145]  PID: [2353] StandardIntegrity : Unbind from service.
03-23 10:49:46.651  2353  2438 I PlayCore: UID: [10145]  PID: [2353] StandardIntegrity : requestExpressIntegrityToken(-3109593906333054708)
03-23 10:49:46.653  2353  9045 I PlayCore: UID: [10145]  PID: [2353] StandardIntegrity : Initiate binding to the service.
03-23 10:49:46.661  2353  2353 I PlayCore: UID: [10145]  PID: [2353] StandardIntegrity : ServiceConnectionImpl.onServiceConnected(ComponentInfo{com.android.vending/com.google.android.finsky.expressintegrityservice.ExpressIntegrityService})
03-23 10:49:46.661  2353  9045 I PlayCore: UID: [10145]  PID: [2353] StandardIntegrity : linkToDeath
03-23 10:49:46.668  2353  2439 I PlayCore: UID: [10145]  PID: [2353] OnRequestIntegrityTokenCallback : onRequestExpressIntegrityToken
03-23 10:49:46.669  2353  9045 I PlayCore: UID: [10145]  PID: [2353] StandardIntegrity : Unbind from service.
03-23 10:49:46.702  2353  2528 I Finsky  : [61] owd.onCreate(9): [Counters Flush] Creating SQLite Database
03-23 10:49:46.742  2353  2353 I Finsky  : [2] mxg.accept(156): [PLUS] Received response
03-23 10:49:46.755  2353  2473 I Finsky  : [49] urb.accept(127): [PLUS] Successfully updated PayloadValueStore
03-23 10:49:46.755  2353  2521 I Finsky  : [57] aiqb.a(627): [PLUS] Sync complete, number synced: 1, number failed: 0
03-23 10:49:46.768  2353  9022 I Finsky  : [224] ahev.q(56): SCH: jobFinished: 10-3. TimeElapsed: 3120ms.
03-23 10:49:46.771  2353  2478 I Finsky  : [51] aire.apply(39): [PLUS] Hygiene sync job success.
03-23 10:49:46.771  2353  2478 I Finsky  : [51] ahev.q(56): SCH: jobFinished: 10-87. TimeElapsed: 2353ms.
03-23 10:49:46.810  2353  2528 I Finsky  : [61] rtl.accept(58): SCH: Scheduling phonesky job Id: 1-1337, CT: 1774243183607, Constraints: [{ L: 17687269, D: 60887269, C: CHARGING_NONE, I: IDLE_NONE, N: NET_ANY, B: BATTERY_ANY }]
03-23 10:49:46.810  2353  2528 I Finsky  : [61] rtl.accept(58): SCH: Scheduling phonesky job Id: 10-4, CT: 1774243183476, Constraints: [{ L: 1200000, D: 86400000, C: CHARGING_NONE, I: IDLE_NONE, N: NET_ANY, B: BATTERY_ANY }]
03-23 10:49:46.810  2353  2528 I Finsky  : [61] rtl.accept(58): SCH: Scheduling phonesky job Id: 10-26, CT: 1774243183478, Constraints: [{ L: 600000, D: 86400000, C: CHARGING_NONE, I: IDLE_NONE, N: NET_ANY, B: BATTERY_ANY }]
03-23 10:49:46.810  2353  2528 I Finsky  : [61] rtl.accept(58): SCH: Scheduling phonesky job Id: 10-123, CT: 1774243183479, Constraints: [{ L: 600000, D: 86400000, C: CHARGING_NONE, I: IDLE_NONE, N: NET_ANY, B: BATTERY_ANY }]
03-23 10:49:46.815  2353  2529 I Finsky  : [62] naw.apply(251): SCH: Scheduling 1 system job(s)
03-23 10:49:46.816  2353  2529 I Finsky  : [62] aher.b(244): SCH: Scheduling system job Id: 9158, L: 596663, D: 60884061, C: false, I: false, N: 1
03-23 10:49:46.825  2353  9011 I Finsky  : [217] ahgm.a(24): SCH: job service finished with id 9111.
03-23 10:49:47.217   702  1090 D InetDiagMessage: Destroyed 0 sockets, proto=IPPROTO_TCP, family=AF_INET, states=14
03-23 10:49:47.218   702  1090 D InetDiagMessage: Destroyed 0 sockets, proto=IPPROTO_TCP, family=AF_INET6, states=14
03-23 10:49:47.218   702  1090 D InetDiagMessage: Destroyed live tcp sockets for uids={10144} in 3ms
03-23 10:49:47.219   702  1090 D InetDiagMessage: Destroyed 0 sockets, proto=IPPROTO_TCP, family=AF_INET, states=14
03-23 10:49:47.221   702  1090 D InetDiagMessage: Destroyed 0 sockets, proto=IPPROTO_TCP, family=AF_INET6, states=14
03-23 10:49:47.221   702  1090 D InetDiagMessage: Destroyed live tcp sockets for uids={20144} in 3ms
