03-23 10:49:43.814  2353  2551 E android.vending: hiddenapi: Accessing hidden method Lcom/android/org/conscrypt/OpenSSLSocketImpl;->setHostname(Ljava/lang/String;)V (runtime_flags=CorePlatformApi, domain=core-platform, api=max-target-q,core-platform-api) from Lbjxr; (domain=app) using reflection: denied
03-23 10:49:43.814  2353  2551 E android.vending: hiddenapi: Accessing hidden method Lcom/android/org/conscrypt/AbstractConscryptSocket;->setHostname(Ljava/lang/String;)V (runtime_flags=0, domain=core-platform, api=max-target-q) from Lbjxr; (domain=app) using reflection: denied
03-23 10:49:43.814  2353  2551 E android.vending: hiddenapi: Accessing hidden method Lcom/android/org/conscrypt/OpenSSLSocketImpl;->setAlpnProtocols([B)V (runtime_flags=CorePlatformApi, domain=core-platform, api=max-target-q,core-platform-api) from Lbjxr; (domain=app) using reflection: denied
03-23 10:49:43.814  2353  2551 E android.vending: hiddenapi: Accessing hidden method Lcom/android/org/conscrypt/AbstractConscryptSocket;->setAlpnProtocols([B)V (runtime_flags=0, domain=core-platform, api=max-target-q) from Lbjxr; (domain=app) using reflection: denied
03-23 10:49:43.815  2353  2353 I Finsky  : [2] aheo.accept(94): SCH: Job 10-33 starting
03-23 10:49:43.816  2353  2353 I Finsky  : [2] aheo.accept(94): SCH: Job 10-41 starting
03-23 10:49:43.819  2353  2353 E Finsky  : [2] aiky.get(65): Logging context should not be null here
03-23 10:49:43.820  2353  2353 E Finsky  : [2] pgu.get(64): Early update wasn't run
03-23 10:49:43.822  2353  2353 I Finsky  : [2] AutoUpdateHygieneJob.a(183): AU2: Skipping Auto Update, hygiene is disabled or SU is running
03-23 10:49:43.822  2353  2353 I Finsky  : [2] ahev.q(56): SCH: jobFinished: 10-33. TimeElapsed: 0ms.
03-23 10:49:43.822  2353  2528 I Finsky  : [61] afhr.call(530): setup::PAI: No VPA stub found
03-23 10:49:43.827  2353  2353 I Finsky  : [2] InstantAppsArchivePrefetchHygieneJob.b(6): Instant Apps archive prefetch triggered from hygiene.
03-23 10:49:43.827  2353  2353 W JobInfo : Job 'com.android.vending/com.google.android.finsky.instantapps.dna.ArchivePrefetchService#207000066' has a deadline with no functional constraints. The deadline won't improve job execution latency. Consider removing the deadline.
03-23 10:49:43.829   702   823 W JobInfo : Job 'com.android.vending/com.google.android.finsky.instantapps.dna.ArchivePrefetchService#207000066' has a deadline with no functional constraints. The deadline won't improve job execution latency. Consider removing the deadline.
03-23 10:49:43.853  2353  2353 I Finsky  : [2] ahev.q(56): SCH: jobFinished: 10-41. TimeElapsed: 30ms.
03-23 10:49:43.855  2353  2353 I Finsky  : [2] vck.c(12): setup::PAI: No VPA stub found - stopping service
03-23 10:49:43.857  2353  2353 I Finsky  : [2] VpaService.s(6): setup::PAI: Deferred PAI session finish, required PAI installs are processed
03-23 10:49:43.859  2353  2353 I Finsky  : [2] ailc.a(6): setup::notification: Cancel the notification for initiating PAI installs
03-23 10:49:43.862  2353  2353 I Finsky  : [2] VpaService.j(15): setup::PAI: Stop VpaService because no more work to be done
03-23 10:49:43.862  2353  2353 I Finsky  : [2] VpaService.j(22): Setup Notification: cancel VpaService notification
03-23 10:49:43.865   702   823 W ForegroundServiceTypeLoggerModule: FGS stop call for: 10145 has no types!
03-23 10:49:43.869   702  1137 D BackgroundInstallControlService: Package event received: 0
03-23 10:49:43.873   702  1137 D BackgroundInstallControlService: Package event received: 0
03-23 10:49:43.889  2353  2353 I Finsky  : [2] aheo.accept(94): SCH: Job 10-46 starting
03-23 10:49:43.897  2353  2551 E android.vending: hiddenapi: Accessing hidden method Lcom/android/org/conscrypt/OpenSSLSocketImpl;->getAlpnSelectedProtocol()[B (runtime_flags=CorePlatformApi, domain=core-platform, api=max-target-q,core-platform-api) from Lbjxr; (domain=app) using reflection: denied
03-23 10:49:43.897  2353  2551 E android.vending: hiddenapi: Accessing hidden method Lcom/android/org/conscrypt/AbstractConscryptSocket;->getAlpnSelectedProtocol()[B (runtime_flags=0, domain=core-platform, api=max-target-q) from Lbjxr; (domain=app) using reflection: denied
03-23 10:49:43.899   702  1137 D BackgroundInstallControlService: Package event received: 0
03-23 10:49:43.905  1565  1565 D BoundBrokerSvc: onBind: Intent { act=com.google.android.gms.instantapps.START xflg=0x4 pkg=com.google.android.gms }
03-23 10:49:43.906  1565  1565 D BoundBrokerSvc: Loading bound service for intent: Intent { act=com.google.android.gms.instantapps.START xflg=0x4 pkg=com.google.android.gms }
03-23 10:49:43.915  3297  3728 I Finsky:background: [65] owd.onCreate(9): [Counters Flush] Creating SQLite Database
03-23 10:49:43.965  3297  3728 I Finsky:background: [65] ovv.accept(43): [Counters Flush] Successfully flushed counter events
03-23 10:49:44.001  3692  3813 I Finsky:quick_launch: [60] owd.onCreate(9): [Counters Flush] Creating SQLite Database
03-23 10:49:44.005  2589  2682 I Finsky:instant_app_inst: [47] EnabledStatusSyncService.b(8): Running status sync job.
03-23 10:49:44.011   702  2346 W JobInfo : Job 'com.android.vending/com.google.android.finsky.instantapps.PhenotypeUpdateService#174406261' has a deadline with no functional constraints. The deadline won't improve job execution latency. Consider removing the deadline.
03-23 10:49:44.015  2589  2589 D PhenotypeUpdateService: onCreate called
03-23 10:49:44.017   702  2787 W JobInfo : Job 'com.android.vending/com.google.android.finsky.instantapps.PhenotypeUpdateService#174406261' has a deadline with no functional constraints. The deadline won't improve job execution latency. Consider removing the deadline.
03-23 10:49:44.018  2589  9066 D CompatChangeReporter: Compat change id reported: 307233716; UID 10145; state: ENABLED
03-23 10:49:44.022  2589  9068 D PhenotypeUpdateService: Registering with Phenotype
03-23 10:49:44.029  2589  2682 I Finsky:instant_app_inst: [47] EnabledStatusSyncService.b(53): Instant App enabled status=true
03-23 10:49:44.036  2589  9069 I Finsky:instant_app_inst: [70] wfb.a(113): No eligible accounts. Bail out.
03-23 10:49:44.038  2589  9066 I Finsky:instant_app_inst: [67] ArchivePrefetchService.b(82): InstantApps account missing, skip sync.
03-23 10:49:44.039  2589  2682 I Finsky:instant_app_inst: [47] xbx.e(132): GmsCore device enabled query successful
03-23 10:49:44.039  2589  2682 I Finsky:instant_app_inst: [47] xbx.e(155): GmsCore device enabled state mismatched newState=true
03-23 10:49:44.043  3692  3813 I Finsky:quick_launch: [60] ovv.accept(43): [Counters Flush] Successfully flushed counter events
03-23 10:49:44.047  2353  2528 I Finsky  : [61] pfv.d(112): playLoggingServerUrl: https://play.googleapis.com/play/log
03-23 10:49:44.047  2353  2528 I Finsky  : [61] pfv.d(129): playLoggingServerTimestampUrl: https://play.googleapis.com/play/log/timestamp
03-23 10:49:44.055  2353  2528 E PlayCommon: [61] axae.<init>(82): Failed to restore PlayMetalog
03-23 10:49:44.056  2353  2528 E PlayCommon: [61] axae.<init>(117): Failed to restore LogsUploadAttempt
03-23 10:49:44.056  2589  2682 I Finsky:instant_app_inst: [47] xbx.e(215): GmsCore device enabled write successful
03-23 10:49:44.062  2589  2740 I PlayCommon: [50] axan.j(213): Preparing logs for uploading
03-23 10:49:44.063   702   838 I system_server: AssetManager2(0x7c82a54a9a38) locale list changing from [] to [en-US]
03-23 10:49:44.070  2589  2740 I PlayCommon: [50] axan.j(1397): Connecting to server for timestamp: https://play.googleapis.com/play/log/timestamp
03-23 10:49:44.082  1565  5184 I .gms.persistent: AssetManager2(0x7c82a541f8d8) locale list changing from [] to [en-US]
03-23 10:49:44.093  2589  9068 D PhenotypeUpdateService: Registering with Phenotype
03-23 10:49:44.093  2589  9065 W JobInfo : Job 'com.android.vending/com.google.android.finsky.instantapps.metrics.LogFlushJob#165064389' has a deadline with no functional constraints. The deadline won't improve job execution latency. Consider removing the deadline.
03-23 10:49:44.095   702  1749 W JobInfo : Job 'com.android.vending/com.google.android.finsky.instantapps.metrics.LogFlushJob#165064389' has a deadline with no functional constraints. The deadline won't improve job execution latency. Consider removing the deadline.
03-23 10:49:44.180  2589  2740 W PlayCommon: [50] axan.l(11): No account for auth token provided
03-23 10:49:44.181  2589  2740 I PlayCommon: [50] axan.j(1854): Connecting to server: https://play.googleapis.com/play/log?format=raw&proto_v2=true
03-23 10:49:44.232  2589  2740 I PlayCommon: [50] axan.j(2105): Successfully uploaded logs.
03-23 10:49:44.311  2353  2353 W Finsky  : [2] ahwc.g(219): SU: Cannot patch com.android.vending:84532130, bad base file hash, expect su9k6WT_44MmZSJKChixD9F7CRM actual E_T7RvR4Po85vHJoLG1f-zUuweQ
03-23 10:49:44.311  2353  2353 I Finsky  : [2] rjl.d(1): unregisterListener
03-23 10:49:44.314  2353  2353 I Finsky  : [2] ahwd.a(88): SU: Running self-update patches download fallback for com.android.vending
03-23 10:49:44.319  2353  2353 I Finsky  : [2] rjl.d(1): registerListener
03-23 10:49:44.320  2353  2353 I Finsky  : [2] bbbi.m(10): DSC: enqueue()
03-23 10:49:44.328  2353  2353 I Finsky  : [2] VpaService.j(15): setup::PAI: Stop VpaService because no more work to be done
03-23 10:49:44.328  2353  2353 I Finsky  : [2] VpaService.j(22): Setup Notification: cancel VpaService notification
03-23 10:49:44.330  2353  2353 I Finsky  : [2] aheo.accept(94): SCH: Job 10-53 starting
03-23 10:49:44.331  3297  9077 I Finsky:background: [81] qwf.call(974): DS: request_id=1 generated with shared preferences
03-23 10:49:44.331  3297  9077 I Finsky:background: [81] qwf.call(995): DS: enqueue(request_id=1, files_to_download=[(size:56561890)], context[group_id=Google Play:GcTEgaGuS8G5ZVW-MLyHFg], display_data[invisible=true, title=Google Play], network_restrictions=ANY_NETWORK
03-23 10:49:44.337  2353  2353 I Finsky  : [2] ahev.q(56): SCH: jobFinished: 10-46. TimeElapsed: 2ms.
03-23 10:49:44.338  2353  2353 I Finsky  : [2] mxg.accept(156): [PLUS] Received response
03-23 10:49:44.339  2353  2353 I Finsky  : [2] ahev.q(56): SCH: jobFinished: 10-53. TimeElapsed: 0ms.
03-23 10:49:44.340  2353  9022 I Finsky  : [224] ahev.q(56): SCH: jobFinished: 10-12. TimeElapsed: 664ms.
03-23 10:49:44.348  2353  2473 I Finsky  : [49] urb.accept(127): [PLUS] Successfully updated PayloadValueStore
03-23 10:49:44.349  2353  2521 I Finsky  : [57] aiqb.a(627): [PLUS] Sync complete, number synced: 1, number failed: 0
03-23 10:49:44.353  2353  2353 I Finsky  : [2] aheo.accept(94): SCH: Job 10-73 starting
03-23 10:49:44.355  2353  9080 I Finsky  : [236] ahev.q(56): SCH: jobFinished: 10-73. TimeElapsed: 1ms.
03-23 10:49:44.364  3297  9077 I Finsky:background: [81] rii.e(30): DS: enqueue with parallel downloads (request_id=1,groupId=Google Play:GcTEgaGuS8G5ZVW-MLyHFg)
03-23 10:49:44.365  3297  9077 I Finsky:background: [81] rhx.b(11): DS::CD: download(1)
03-23 10:49:44.365  3297  9077 I Finsky:background: [81] ardf.l(30): DS::IDC: updateWith: <1:QUEUED with WAITING_FOR_START:0%[0%]>
03-23 10:49:44.368  3297  9077 I Finsky:background: [81] riv.b(6): DS::ISM: Starting invisible download job
03-23 10:49:44.370  2353  2353 I Finsky  : [2] rji.c(106): DSC::L: Update all listeners for download <1:QUEUED with WAITING_FOR_START:0%[0%]> in group Google Play:GcTEgaGuS8G5ZVW-MLyHFg
03-23 10:49:44.370  2353  2353 I Finsky  : [2] rji.c(146): DSC::L: Updating listener ahwb@5ef6d4f for download <1:QUEUED with WAITING_FOR_START:0%[0%]>
03-23 10:49:44.370  2353  2353 I Finsky  : [2] ahvx.f(89): SU: Received onStateUpdate with status: 1
03-23 10:49:44.375  2353  2353 I Finsky  : [2] rji.c(146): DSC::L: Updating listener nmp@f0aa82b for download <1:QUEUED with WAITING_FOR_START:0%[0%]>
03-23 10:49:44.375  2353  2353 I Finsky  : [2] rji.c(146): DSC::L: Updating listener rdp@6cadf4d for download <1:QUEUED with WAITING_FOR_START:0%[0%]>
03-23 10:49:44.376  2353  2353 I Finsky  : [2] rji.c(146): DSC::L: Updating listener DownloadServiceManagerListener::ptr@a226ee4 for download <1:QUEUED with WAITING_FOR_START:0%[0%]>
03-23 10:49:44.376  2353  2353 I Finsky  : [2] rdn.f(177): DSM::L:status update is skipped for non-installer download.
03-23 10:49:44.376  2353  2353 I Finsky  : [2] rji.c(146): DSC::L: Updating listener DownloadServiceManagerListener::afqu@c6ddfd8 for download <1:QUEUED with WAITING_FOR_START:0%[0%]>
03-23 10:49:44.376  2353  2353 I Finsky  : [2] rdn.f(177): DSM::L:status update is skipped for non-installer download.
03-23 10:49:44.376  2353  2353 I Finsky  : [2] aheo.accept(94): SCH: Job 10-76 starting
03-23 10:49:44.387  2353  2528 W ConfigurationContentLdr: ContentProvider query returned null cursor, using default values
03-23 10:49:44.396   702  1137 D BackgroundInstallControlService: Package event received: 0
03-23 10:49:44.397  2353  2353 I Finsky  : [2] aheo.accept(94): SCH: Job 10-82 starting
03-23 10:49:44.402  3297  9077 I Finsky:background: [81] ardf.l(30): DS::IDC: updateWith: <1:RUNNING:0%[0%]>
03-23 10:49:44.412  3297  9077 D nativeloader: Load /product/priv-app/Phonesky/Phonesky.apk!/lib/x86_64/libcronet.135.0.7012.3.so using class loader ns product-clns-9 (caller=/product/priv-app/Phonesky/Phonesky.apk): ok
03-23 10:49:44.412   702  2346 D ConnectivityService: requestNetwork for uid/pid:10145/3297 activeRequest: null callbackRequest: 269 [NetworkRequest [ REQUEST id=270, [ Capabilities: INTERNET&NOT_RESTRICTED&TRUSTED&NOT_VCN_MANAGED&NOT_BANDWIDTH_CONSTRAINED Uid: 10145 RequestorUid: 10145 RequestorPkg: com.android.vending UnderlyingNetworks: Null] ]] callback flags: 0 order: 2147483647 isUidTracked: false declaredMethods: AVAIL|LOST|NC|LP
03-23 10:49:44.414   702  1084 D OemPaidWifiNetworkFactory: got request NetworkRequest [ REQUEST id=270, [ Capabilities: INTERNET&NOT_RESTRICTED&TRUSTED&NOT_VCN_MANAGED&NOT_BANDWIDTH_CONSTRAINED Uid: 10145 RequestorUid: 10145 RequestorPkg: com.android.vending UnderlyingNetworks: Null] ]
03-23 10:49:44.414   702  1084 D MultiInternetWifiNetworkFactory: got request NetworkRequest [ REQUEST id=270, [ Capabilities: INTERNET&NOT_RESTRICTED&TRUSTED&NOT_VCN_MANAGED&NOT_BANDWIDTH_CONSTRAINED Uid: 10145 RequestorUid: 10145 RequestorPkg: com.android.vending UnderlyingNetworks: Null] ]
03-23 10:49:44.414   702  1090 D ConnectivityService: NetReassign [270 : null → 100] [c 0] [a 1] [i 0]
03-23 10:49:44.415   702  1084 D WifiNetworkFactory: got request NetworkRequest [ REQUEST id=270, [ Capabilities: INTERNET&NOT_RESTRICTED&TRUSTED&NOT_VCN_MANAGED&NOT_BANDWIDTH_CONSTRAINED Uid: 10145 RequestorUid: 10145 RequestorPkg: com.android.vending UnderlyingNetworks: Null] ]
03-23 10:49:44.415   702  1084 D UntrustedWifiNetworkFactory: got request NetworkRequest [ REQUEST id=270, [ Capabilities: INTERNET&NOT_RESTRICTED&TRUSTED&NOT_VCN_MANAGED&NOT_BANDWIDTH_CONSTRAINED Uid: 10145 RequestorUid: 10145 RequestorPkg: com.android.vending UnderlyingNetworks: Null] ]
03-23 10:49:44.415  2353  2353 I Finsky  : [2] rji.c(106): DSC::L: Update all listeners for download <1:RUNNING:0%[0%]> in group Google Play:GcTEgaGuS8G5ZVW-MLyHFg
03-23 10:49:44.415  2353  2353 I Finsky  : [2] rji.c(146): DSC::L: Updating listener ahwb@5ef6d4f for download <1:RUNNING:0%[0%]>
03-23 10:49:44.415  2353  2353 I Finsky  : [2] ahvx.f(89): SU: Received onStateUpdate with status: 2
03-23 10:49:44.416  2353  2353 I Finsky  : [2] rji.c(146): DSC::L: Updating listener nmp@f0aa82b for download <1:RUNNING:0%[0%]>
03-23 10:49:44.416  2353  2353 I Finsky  : [2] rji.c(146): DSC::L: Updating listener rdp@6cadf4d for download <1:RUNNING:0%[0%]>
03-23 10:49:44.416  2353  2353 I Finsky  : [2] rji.c(146): DSC::L: Updating listener DownloadServiceManagerListener::ptr@a226ee4 for download <1:RUNNING:0%[0%]>
03-23 10:49:44.416  2353  2353 I Finsky  : [2] rdn.f(177): DSM::L:status update is skipped for non-installer download.
03-23 10:49:44.416  2353  2353 I Finsky  : [2] rji.c(146): DSC::L: Updating listener DownloadServiceManagerListener::afqu@c6ddfd8 for download <1:RUNNING:0%[0%]>
03-23 10:49:44.416  2353  2353 I Finsky  : [2] rdn.f(177): DSM::L:status update is skipped for non-installer download.
03-23 10:49:44.416  2353  2353 I Finsky  : [2] aheo.accept(94): SCH: Job 10-87 starting
03-23 10:49:44.417   702  1749 D CompatChangeReporter: Compat change id reported: 319212206; UID 10145; state: ENABLED
03-23 10:49:44.418  2353  2353 I Finsky  : [2] UnifiedSyncHygieneJob.a(6): [PLUS] Hygiene sync job starting...
03-23 10:49:44.419   702  1090 D ConnectivityService: NetReassign [no changes] [c 1] [a 0] [i 0]
03-23 10:49:44.420  2353  2528 I Finsky  : [61] aouk.apply(114): [PLUS] Adding payload case=22
03-23 10:49:44.427  3297  9077 I cn_CronetLibraryLoader: Cronet version: 135.0.7012.3, arch: x86_64
03-23 10:49:44.448  2353  2500 I EGL_emulation: Opening libGLESv1_CM_emulation.so
03-23 10:49:44.453  3297  3376 I Finsky:background: [55] rtl.accept(58): SCH: Scheduling phonesky job Id: 40-9998, CT: 1774243184379, Constraints: [{ L: 0, D: 86400000, C: CHARGING_NONE, I: IDLE_NONE, N: NET_ANY, B: BATTERY_ANY }, { L: 0, D: 0, C: CHARGING_NONE, I: IDLE_NONE, N: NET_NONE, B: BATTERY_ANY }]
03-23 10:49:44.453  2353  2500 I EGL_emulation: Opening libGLESv2_emulation.so
03-23 10:49:44.467  3297  3356 I Finsky:background: [48] naw.apply(251): SCH: Scheduling 2 system job(s)
03-23 10:49:44.468  3297  3356 I Finsky:background: [48] aher.b(244): SCH: Scheduling system job Id: 10005, L: 0, D: 86399912, C: false, I: false, N: 1
03-23 10:49:44.491  3297  3297 I Finsky:background: [2] ahgm.onStartJob(126): SCH: job service start with id 10005.
03-23 10:49:44.510  3297  3356 I Finsky:background: [48] naw.apply(412): SCH: Scheduling expedited system job 10006
03-23 10:49:44.518  3297  3297 I Finsky:background: [2] ahgm.onStartJob(126): SCH: job service start with id 10006.
03-23 10:49:44.518  3297  9081 I Finsky:background: [84] nav.a(185): SCH: Satisfied jobs for 10005 are: 40-9998
03-23 10:49:44.523  3297  9107 I Finsky:background: [90] aheo.accept(94): SCH: Job 40-9998 starting
03-23 10:49:44.525  3297  3297 I Finsky:background: [2] InvisibleRunJob.i(6): DS::IRJ: Running InvisibleRunJob
03-23 10:49:44.532  3297  3345 I Finsky:background: [44] nav.a(185): SCH: Satisfied jobs for 10006 are: 40-9998
03-23 10:49:44.622   702  2787 W AppOps  : Noting op not finished: uid 10147 pkg com.google.android.gms code 113 startTime of in progress event=1774243183879
03-23 10:49:44.893  3297  9099 I Finsky:background: [88] rhy.d(6): CronetDownloader: onRedirectReceived
03-23 10:49:45.014   702  1749 I RemoteProvisionSysSvc: getRegistration(android.hardware.security.keymint.IRemotelyProvisionedComponent/default)
03-23 10:49:45.016   702  1137 D BackgroundInstallControlService: Package event received: 0
03-23 10:49:45.030   702  1749 D ActivityManager: sync unfroze 4550 com.google.android.rkpdapp for 6
03-23 10:49:45.034   702  1137 D BackgroundInstallControlService: Package event received: 0
03-23 10:49:45.058   702   870 I system_server: AssetManager2(0x7c82a5419b18) locale list changing from [] to [en-US]
03-23 10:49:45.061   702   851 I RoleService: Granting default roles...
03-23 10:49:45.063  1363  1363 D CarrierSvcBindHelper: onPackageModified: com.android.vending
03-23 10:49:45.063  1182  1182 D ControlsListingControllerImpl: ServiceConfig reloaded, count: 0
03-23 10:49:45.065   702   739 I system_server: AssetManager2(0x7c82a54a6518) locale list changing from [] to [en-US]
03-23 10:49:45.066   702   867 I system_server: AssetManager2(0x7c82a54a5898) locale list changing from [] to [en-US]
03-23 10:49:45.066   702   702 I RegistrationProxy: onServiceConnected: com.android.rkpdapp.service.RemoteProvisioningService
03-23 10:49:45.067  1363  1363 D CarrierSvcBindHelper: No carrier app for: 0
03-23 10:49:45.067  1363  1638 I SatelliteAppTracker: onPackageModified : com.android.vending
03-23 10:49:45.071   702  1132 D ShortcutService: received package broadcast intent: Intent { act=android.intent.action.PACKAGE_CHANGED dat=package: flg=0x45000010 (has extras) }
03-23 10:49:45.071   702  1132 D ShortcutService: changing package: com.android.vending userId=0
03-23 10:49:45.074   702  1137 D BackgroundInstallControlService: Package event received: 0
03-23 10:49:45.077  1363  1363 E SmsApplication: com.google.android.apps.messaging lost android:read_cell_broadcasts:  (fixing)
03-23 10:49:45.077   702  1749 W AppOpService: Ignored setUidMode call for runtime permission app op: uid = 10146, code = READ_CELL_BROADCASTS, mode = allow, callingUid = 1001, oldMode = allow
03-23 10:49:45.079   702  1307 W SignedPackage: Package doesn't have required signing certificate: com.google.android.retaildemo
03-23 10:49:45.080   702  1307 E RoleControllerServiceImpl: Default/fallback role holder package doesn't qualify for the role, package: com.google.android.gms.supervision, role: android.app.role.SYSTEM_SUPERVISION
03-23 10:49:45.082   702  1307 W SignedPackage: Package doesn't have required signing certificate: com.google.android.apps.work.clouddpc
03-23 10:49:45.083   702  1749 W AppOpService: Ignored setUidMode call for runtime permission app op: uid = 1001, code = READ_SMS, mode = allow, callingUid = 1001, oldMode = allow
03-23 10:49:45.086   702  1749 W AppOpService: Ignored setUidMode call for runtime permission app op: uid = 1001, code = RECEIVE_SMS, mode = allow, callingUid = 1001, oldMode = allow
03-23 10:49:45.088   702  2346 W AppOpService: Ignored setUidMode call for runtime permission app op: uid = 1001, code = RECEIVE_WAP_PUSH, mode = allow, callingUid = 1001, oldMode = allow
03-23 10:49:45.090   702  1166 D ActivityManager: sync unfroze 1183 com.google.android.permissioncontroller for 6
03-23 10:49:45.093   702   744 I system_server: AssetManager2(0x7c82a54a48f8) locale list changing from [] to [en-US]
03-23 10:49:45.094   702   870 I system_server: AssetManager2(0x7c82a5436678) locale list changing from [] to [en-US]
03-23 10:49:45.098   702  1307 I Role    : com.google.android.gms not qualified for android.app.role.SYSTEM_DEPENDENCY_INSTALLER due to missing RequiredComponent{mIntentFilterData=IntentFilterData{mAction='android.content.pm.action.INSTALL_DEPENDENCY', mCategories='[]', mDataScheme='null', mDataType='null'}, mMinTargetSdkVersion=1, mFlags='0', mPermission='android.permission.BIND_DEPENDENCY_INSTALLER', mQueryFlags=0, mMetaData=[]}
03-23 10:49:45.098   702  1307 E RoleControllerServiceImpl: Default/fallback role holder package doesn't qualify for the role, package: com.google.android.gms, role: android.app.role.SYSTEM_DEPENDENCY_INSTALLER
03-23 10:49:45.099   702  1137 D BackgroundInstallControlService: Package event received: 0
03-23 10:49:45.101   702  2346 W AppOpService: Ignored setUidMode call for runtime permission app op: uid = 1001, code = SEND_SMS, mode = allow, callingUid = 1001, oldMode = allow
03-23 10:49:45.104   702  2346 W AppOpService: Ignored setUidMode call for runtime permission app op: uid = 1001, code = READ_CELL_BROADCASTS, mode = allow, callingUid = 1001, oldMode = allow
03-23 10:49:45.105   702   867 I system_server: AssetManager2(0x7c82a54a3638) locale list changing from [] to [en-US]
03-23 10:49:45.108   702  1132 I system_server: AssetManager2(0x7c82a54aa398) locale list changing from [] to [en-US]
03-23 10:49:45.110   702   870 I system_server: AssetManager2(0x7c82a54450d8) locale list changing from [] to [en-US]
03-23 10:49:45.113   702  2346 I RegistrationProxy: IGetRegistrationCallback.onSuccess
03-23 10:49:45.118  1363  1635 D ImsResolver: maybeAddedImsService, packageName: com.android.vending
03-23 10:49:45.118  1363  1635 V ImsResolver: searchForImsServices: package=com.android.vending, users=[UserHandle{0}]
03-23 10:49:45.119  1363  1635 V ImsResolver: searchForImsServices: package=com.android.vending, users=[UserHandle{0}]
03-23 10:49:45.119   702   731 I RemoteProvisionSysSvc: Fetching key 10147 for client 88797370
03-23 10:49:45.119   702   731 I RegistrationProxy: getKeyAsync operation started with callback 1923947
03-23 10:49:45.121   702   870 I system_server: AssetManager2(0x7c82a54a8a98) locale list changing from [] to [en-US]
03-23 10:49:45.126  4550  9116 I RkpdRegistrationBinder: Key requested for : android.hardware.security.keymint.IRemotelyProvisionedComponent/default, clientUid: 1017, keyId: 10147, callback: 129938962
03-23 10:49:45.127  1183  7387 I PermissionControllerServiceImpl: Updating user sensitive for uid 10145
03-23 10:49:45.129  1363  1363 D SatelliteController: packageStateChanged: package:com.android.vending DefaultSmsPackageName:com.google.android.apps.messaging
03-23 10:49:45.129  1363  1363 V SatelliteController: Neither SMS or SatelliteGateway package
03-23 10:49:45.131   702   870 V AccessibilityManagerService: onUserStateChangedLocked for userId: 0, forceUpdate: false
03-23 10:49:45.134   702  1132 E system_server: No package ID 7f found for resource ID 0x7f080455.
03-23 10:49:45.134   702  1132 E system_server: No package ID 7f found for resource ID 0x7f140a1b.
03-23 10:49:45.136   702   870 W MagnificationConnectionManager: requestConnection duplicated request: connect=false, mConnectionState=DISCONNECTED
03-23 10:49:45.137   702   702 W IPCThreadState: Sending oneway calls to frozen process.
03-23 10:49:45.138   702   702 W IPCThreadState: Sending oneway calls to frozen process.
03-23 10:49:45.138   702   702 W IPCThreadState: Sending oneway calls to frozen process.
03-23 10:49:45.140   702   702 W IPCThreadState: Sending oneway calls to frozen process.
03-23 10:49:45.140   702   702 W IPCThreadState: Sending oneway calls to frozen process.
03-23 10:49:45.140   702   702 W IPCThreadState: Sending oneway calls to frozen process.
03-23 10:49:45.140  1363  1363 E SmsApplication: com.google.android.apps.messaging lost android:read_cell_broadcasts:  (fixing)
03-23 10:49:45.140   702  1749 W AppOpService: Ignored setUidMode call for runtime permission app op: uid = 10146, code = READ_CELL_BROADCASTS, mode = allow, callingUid = 1001, oldMode = allow
03-23 10:49:45.144   702  1307 E RoleControllerServiceImpl: Default/fallback role holder package doesn't qualify for the role, package: com.google.android.gms, role: android.app.role.WALLET
03-23 10:49:45.147   702   744 I system_server: AssetManager2(0x7c82a54a8458) locale list changing from [] to [en-US]
03-23 10:49:45.150   702  1749 W AppOpService: Ignored setUidMode call for runtime permission app op: uid = 1001, code = READ_SMS, mode = allow, callingUid = 1001, oldMode = allow
03-23 10:49:45.150   702  1307 I system_server: AssetManager2(0x7c82a54a74b8) locale list changing from [] to [en-US]
03-23 10:49:45.154   702  1749 W AppOpService: Ignored setUidMode call for runtime permission app op: uid = 1001, code = RECEIVE_SMS, mode = allow, callingUid = 1001, oldMode = allow
03-23 10:49:45.154   702  1749 W AppOpService: Ignored setUidMode call for runtime permission app op: uid = 1001, code = RECEIVE_WAP_PUSH, mode = allow, callingUid = 1001, oldMode = allow
03-23 10:49:45.154   702  1749 W AppOpService: Ignored setUidMode call for runtime permission app op: uid = 1001, code = SEND_SMS, mode = allow, callingUid = 1001, oldMode = allow
03-23 10:49:45.154   702  1749 W AppOpService: Ignored setUidMode call for runtime permission app op: uid = 1001, code = READ_CELL_BROADCASTS, mode = allow, callingUid = 1001, oldMode = allow
03-23 10:49:45.154  1363  1363 D SatelliteAccessController: Current default SMS app:ComponentInfo{com.google.android.apps.messaging/com.google.android.apps.messaging.shared.receiver.SmsDeliverReceiver}
03-23 10:49:45.154  1363  1363 D SatelliteController: getSelectedSatelliteSubId: subId=-1
03-23 10:49:45.155   702  1307 W SignedPackage: Cannot get ApplicationInfo for package: com.google.android.devicelockcontroller
03-23 10:49:45.155  1363  1363 D SatelliteAccessController: supportedMsgApps:com.google.android.apps.messaging
03-23 10:49:45.157  4550  9116 I RkpdRegistrationBinder: Key successfully assigned to client
03-23 10:49:45.160   702   702 I RemoteProvisionSysSvc: Successfully fetched key for client 88797370
03-23 10:49:45.164   702   744 I system_server: AssetManager2(0x7c82a54a9d58) locale list changing from [] to [en-US]
03-23 10:49:45.176   702   744 W IPCThreadState: Sending oneway calls to frozen process.
03-23 10:49:45.177  1454  1518 D PackageUpdatedTask: Package updated: mOp=UPDATE packages=[com.android.vending], user=UserHandle{0}
03-23 10:49:45.180  1903  9118 I AiAiEcho: AppIndexer Package:[com.android.vending] UserProfile:[0] Enabled:[true].
03-23 10:49:45.180  1903  9118 I AiAiEcho: AppFetcherImplV2 updateApps package:[com.android.vending], userId:[0], reason:[package is updated.].
03-23 10:49:45.185   275   275 D SoftKeymaster: system/keymaster/km_openssl/certificate_utils.cpp, Line 148: Using TAG_CERTIFICATE_NOT_BEFORE: 0
03-23 10:49:45.186   275   275 D SoftKeymaster: system/keymaster/km_openssl/certificate_utils.cpp, Line 154: Using TAG_CERTIFICATE_NOT_AFTER: 2461449600000
03-23 10:49:45.186   275   275 D SoftKeymaster: system/keymaster/km_openssl/certificate_utils.cpp, Line 159: Got certificate date params:  NotBefore = 0, NotAfter = 2461449600000
03-23 10:49:45.188   275   275 D SoftKeymaster: system/keymaster/km_openssl/certificate_utils.cpp, Line 273: Setting notBefore to 0
03-23 10:49:45.188   275   275 D SoftKeymaster: system/keymaster/km_openssl/certificate_utils.cpp, Line 282: Setting notAfter to 2461449600
03-23 10:49:45.212  1454  1518 I s.nexuslauncher: AssetManager2(0x7c82a5412778) locale list changing from [] to [en-US]
03-23 10:49:45.214  1454  1518 W HWUI    : Image decoding logging dropped!
03-23 10:49:45.254  1454  1518 W HWUI    : Image decoding logging dropped!
03-23 10:49:45.270  4311  6346 W SystemServiceRegistry: No service published for: persistent_data_block
03-23 10:49:45.271   702   823 D FileUtils: Rounded bytes from 3121082368 to 4000000000
03-23 10:49:45.337  2353  2353 I Finsky  : [2] rji.c(106): DSC::L: Update all listeners for download <1:RUNNING:0%[0%]> in group Google Play:GcTEgaGuS8G5ZVW-MLyHFg
03-23 10:49:45.338  2353  2353 I Finsky  : [2] rji.c(146): DSC::L: Updating listener ahwb@5ef6d4f for download <1:RUNNING:0%[0%]>
03-23 10:49:45.338  2353  2353 I Finsky  : [2] ahvx.f(89): SU: Received onStateUpdate with status: 2
03-23 10:49:45.338  2353  2353 I Finsky  : [2] rji.c(146): DSC::L: Updating listener nmp@f0aa82b for download <1:RUNNING:0%[0%]>
03-23 10:49:45.338  2353  2353 I Finsky  : [2] rji.c(146): DSC::L: Updating listener rdp@6cadf4d for download <1:RUNNING:0%[0%]>
03-23 10:49:45.339  2353  2353 I Finsky  : [2] rji.c(146): DSC::L: Updating listener DownloadServiceManagerListener::ptr@a226ee4 for download <1:RUNNING:0%[0%]>
03-23 10:49:45.339  2353  2353 I Finsky  : [2] rdn.f(177): DSM::L:status update is skipped for non-installer download.
03-23 10:49:45.339  2353  2353 I Finsky  : [2] rji.c(146): DSC::L: Updating listener DownloadServiceManagerListener::afqu@c6ddfd8 for download <1:RUNNING:0%[0%]>
03-23 10:49:45.339  2353  2353 I Finsky  : [2] rdn.f(177): DSM::L:status update is skipped for non-installer download.
03-23 10:49:45.347  3297  9077 I Finsky:background: [81] ardf.l(30): DS::IDC: updateWith: <1:RUNNING:0%[0%]>
03-23 10:49:45.349  1454  2859 W HWUI    : Failed to choose config with EGL_SWAP_BEHAVIOR_PRESERVED, retrying without...
03-23 10:49:45.350  1454  2859 W HWUI    : Failed to initialize 101010-2 format, error = EGL_SUCCESS
03-23 10:49:45.385  1454  1518 W HWUI    : Image decoding logging dropped!
03-23 10:49:45.385  1454  1518 D AlphabeticIndexCompat: computeSectionName: cs: Play Store sectionName: P
03-23 10:49:45.386  1454  1454 D AllAppsStore: setApps: apps.length=20
03-23 10:49:45.386  1454  1454 D AllAppsStore: notifyUpdate: notifying listeners
03-23 10:49:45.386  1454  1454 D ActivityAllAppsContainerView: onAppsUpdated; number of apps: 20
03-23 10:49:45.386  1454  1454 D ActivityAllAppsContainerView: rebindAdapters: force: false
03-23 10:49:45.386  1454  1454 D ActivityAllAppsContainerView: rebindAdapters: Not needed.
03-23 10:49:45.386  1454  1454 D StatsLog: LAUNCHER_ALLAPPS_COUNT
03-23 10:49:45.386  1454  1454 D AlphabeticalAppsList: Clearing FastScrollerSections.
03-23 10:49:45.386  1454  1454 D AlphabeticalAppsList: Adding apps with sections. HasPrivateApps: false
03-23 10:49:45.387  1454  1454 D AlphabeticalAppsList: addAppsWithSections: adding sectionName: C with appInfoTitle: Calendar
03-23 10:49:45.387  1454  1454 D AlphabeticalAppsList: addAppsWithSections: adding sectionName: D with appInfoTitle: Drive
03-23 10:49:45.387  1454  1454 D AlphabeticalAppsList: addAppsWithSections: adding sectionName: E with appInfoTitle: Expo Go
03-23 10:49:45.387  1454  1454 D AlphabeticalAppsList: addAppsWithSections: adding sectionName: F with appInfoTitle: Files
03-23 10:49:45.387  1454  1454 D AlphabeticalAppsList: addAppsWithSections: adding sectionName: G with appInfoTitle: Gmail
03-23 10:49:45.387  1454  1454 D AlphabeticalAppsList: addAppsWithSections: adding sectionName: M with appInfoTitle: Maps
03-23 10:49:45.387  1454  1454 D AlphabeticalAppsList: addAppsWithSections: adding sectionName: P with appInfoTitle: Phone
03-23 10:49:45.387  1454  1454 D AlphabeticalAppsList: addAppsWithSections: adding sectionName: S with appInfoTitle: Safety
03-23 10:49:45.387  1454  1454 D AlphabeticalAppsList: addAppsWithSections: adding sectionName: T with appInfoTitle: TMoble
03-23 10:49:45.387  1454  1454 D AlphabeticalAppsList: addAppsWithSections: adding sectionName: Y with appInfoTitle: YouTube
03-23 10:49:45.387  1454  1454 D AlphabeticalAppsList: Adding FastScrollSection duplicate to scroll to the bottom.
03-23 10:49:45.387  1454  1454 D AlphabeticalAppsList: Clearing FastScrollerSections.
03-23 10:49:45.387  1454  1454 D AlphabeticalAppsList: Adding apps with sections. HasPrivateApps: false
03-23 10:49:45.387  1454  1454 D AlphabeticalAppsList: addAppsWithSections: adding sectionName: C with appInfoTitle: Calendar
03-23 10:49:45.387  1454  1454 D AlphabeticalAppsList: addAppsWithSections: adding sectionName: D with appInfoTitle: Drive
03-23 10:49:45.387  1454  1454 D AlphabeticalAppsList: addAppsWithSections: adding sectionName: E with appInfoTitle: Expo Go
03-23 10:49:45.387  1454  1454 D AlphabeticalAppsList: addAppsWithSections: adding sectionName: F with appInfoTitle: Files
03-23 10:49:45.391  4311  6346 I EGL_emulation: Opening libGLESv1_CM_emulation.so
03-23 10:49:45.391  4311  6346 I EGL_emulation: Opening libGLESv2_emulation.so
03-23 10:49:45.392  1454  1454 D AlphabeticalAppsList: addAppsWithSections: adding sectionName: G with appInfoTitle: Gmail
03-23 10:49:45.392  1454  1454 D AlphabeticalAppsList: addAppsWithSections: adding sectionName: M with appInfoTitle: Maps
03-23 10:49:45.392  1454  1454 D AlphabeticalAppsList: addAppsWithSections: adding sectionName: P with appInfoTitle: Phone
03-23 10:49:45.392  1454  1454 D AlphabeticalAppsList: addAppsWithSections: adding sectionName: S with appInfoTitle: Safety
03-23 10:49:45.392  1454  1454 D AlphabeticalAppsList: addAppsWithSections: adding sectionName: T with appInfoTitle: TMoble
03-23 10:49:45.392  1454  1454 D AlphabeticalAppsList: addAppsWithSections: adding sectionName: Y with appInfoTitle: YouTube
03-23 10:49:45.392  1454  1454 D AlphabeticalAppsList: Adding FastScrollSection duplicate to scroll to the bottom.
03-23 10:49:45.420  1454  1454 D b/387844520: getOutlineOffsetX: measured width = 198, mNormalizedIconSize = 182, last updated width = 198
03-23 10:49:45.496  2353  9095 I android.vending: AssetManager2(0x7c82a54165f8) locale list changing from [] to [en-US]
03-23 10:49:45.555  1890  1890 I MediaProvider: Invalidating LocalCallingIdentity cache for package com.android.vending. Reason: package android.intent.action.PACKAGE_CHANGED
03-23 10:49:45.559  5637  5688 I Bugle   : BroadcastReceiverAsyncWorkTracker: Acknowledging broadcast of cump@ed80850
03-23 10:49:45.572  4311  6346 W libc    : Access denied finding property "persist.adb.tls_server.enable"
03-23 10:49:45.572  4311  6346 W libc    : Access denied finding property "service.adb.tls.port"
03-23 10:49:45.568  4311  4311 W binder:4311_6: type=1400 audit(0.0:95): avc:  denied  { read } for  name="u:object_r:system_adbd_prop:s0" dev="tmpfs" ino=334 scontext=u:r:gmscore_app:s0:c512,c768 tcontext=u:object_r:system_adbd_prop:s0 tclass=file permissive=0 app=com.google.android.gms
03-23 10:49:45.568  4311  4311 W binder:4311_6: type=1400 audit(0.0:96): avc:  denied  { read } for  name="u:object_r:adbd_prop:s0" dev="tmpfs" ino=59 scontext=u:r:gmscore_app:s0:c512,c768 tcontext=u:object_r:adbd_prop:s0 tclass=file permissive=0 app=com.google.android.gms
03-23 10:49:45.599  2353  4940 D nativeloader: Configuring clns-10 for other apk . target_sdk_version=35, uses_libraries=ALL, library_path=, permitted_path=/data:/mnt/expand
03-23 10:49:45.601  2353  4940 D nativeloader: Load /data/user/0/com.android.vending/app_dg_cache/E054CA794C125F959C88D4849C82AB3F226237E6/the.apk!/libdDE07FEBE8A66.so using isolated ns clns-10 (caller=/data/user/0/com.android.vending/app_dg_cache/E054CA794C125F959C88D4849C82AB3F226237E6/the.apk): ok
03-23 10:49:45.647  2353  2473 I Finsky  : [49] ahev.q(56): SCH: jobFinished: 10-82. TimeElapsed: 1249ms.
03-23 10:49:45.662  2353  2353 I Finsky  : [2] aheo.accept(94): SCH: Job 10-91 starting
03-23 10:49:45.663  2353  2353 I Finsky  : [2] P2pSessionCleanupHygieneJob.a(6): [P2p] Session cleanup started
03-23 10:49:45.664  2353  2521 I Finsky  : [57] wme.call(778): [P2p] Cleanup: Expiration=PT1H
03-23 10:49:45.664  2353  2521 W Finsky  : [57] wme.call(878): [P2p] Cleanup: Can't list dirs
03-23 10:49:45.670  2353  2521 I Finsky  : [57] P2pSessionCleanupHygieneJob.b(42): [P2p] Cleanup: Deleting obbs 0/0 
03-23 10:49:45.671  2353  2521 I Finsky  : [57] ahev.q(56): SCH: jobFinished: 10-91. TimeElapsed: 8ms.
03-23 10:49:45.688  2353  2353 I Finsky  : [2] aheo.accept(94): SCH: Job 10-98 starting
03-23 10:49:45.693  2353  9014 I Finsky  : [219] ahev.q(56): SCH: jobFinished: 10-98. TimeElapsed: 2ms.
03-23 10:49:45.713  2353  2353 I Finsky  : [2] aheo.accept(94): SCH: Job 10-113 starting
03-23 10:49:45.716  2353  2521 I Finsky  : [57] ahev.q(56): SCH: jobFinished: 10-113. TimeElapsed: 2ms.
03-23 10:49:45.730  2353  2353 I Finsky  : [2] aheo.accept(94): SCH: Job 10-166 starting
03-23 10:49:45.731  2353  2353 I Finsky  : [2] CubesEnablementHygieneJob.a(6): Running cubes enablement hygiene job.
03-23 10:49:45.733  2353  2500 I Finsky  : [53] agai.kh(163): Finished cubes enablement hygiene job.
03-23 10:49:45.734  2353  2439 I Finsky  : [44] nms.apply(447): cubesStatesValueStore = [0, 1]
03-23 10:49:45.739  2353  2500 I Finsky  : [53] ahev.q(56): SCH: jobFinished: 10-166. TimeElapsed: 8ms.
03-23 10:49:45.745  2353  2528 I Finsky  : [61] aouk.apply(114): [PLUS] Adding payload case=5
03-23 10:49:45.747  2353  2528 I Finsky  : [61] afmg.F(106): [PLUS] Triggering sync due to NOW urgency payload
03-23 10:49:45.755  2353  2521 I Finsky  : [57] aqat.n(11): [PLUS] Syncing for users with urgency above: NOW
03-23 10:49:45.759  2353  2353 I Finsky  : [2] aheo.accept(94): SCH: Job 10-167 starting
03-23 10:49:45.760  2353  2353 I Finsky  : [2] DeviceDefaultAppChoiceSelectionHygieneJob.a(25): Setup::DSE: DSE Verification is enabled
03-23 10:49:45.761  2353  2500 I Finsky  : [53] aouq.a(987): [PLUS] Syncing 1 train(s)
03-23 10:49:45.761  2353  2500 I Finsky  : [53] aouu.a(210): [PLUS] Sending payloads for account: [2fKVkThB4QBVOwc88U06EJ4S6Yyqenathz2XlaLEUMg]
03-23 10:49:45.772   702   823 D FileUtils: Rounded bytes from 3121082368 to 4000000000
03-23 10:49:45.773  4311  4452 W libc    : Access denied finding property "persist.adb.tls_server.enable"
03-23 10:49:45.774  4311  4452 W libc    : Access denied finding property "service.adb.tls.port"
03-23 10:49:45.777  2353  2353 I Finsky  : [2] wlv.Y(89): Setup::DSE: original default browser com.android.chrome,  isPixel false, isEeav2Device false, isDseChoiceScreenDevice false, inAgassiCountries false, inDmaCountries false, inDseChoiceScreenCountries true, isDefaultBrowserChanged false, cohortId 0
03-23 10:49:45.779  2353  2353 I Finsky  : [2] DeviceDefaultAppChoiceSelectionHygieneJob.a(201): Setup::DSE: Blocking experience APIs are disabled
03-23 10:49:45.779  2353  2353 I Finsky  : [2] DeviceDefaultAppChoiceSelectionHygieneJob.a(218): Setup::DSE: Nothing to run, both verification and blocking experience are disabled
03-23 10:49:45.779  2353  2353 I Finsky  : [2] ahev.q(56): SCH: jobFinished: 10-167. TimeElapsed: 19ms.
03-23 10:49:45.772  4311  4311 W binder:4311_4: type=1400 audit(0.0:97): avc:  denied  { read } for  name="u:object_r:system_adbd_prop:s0" dev="tmpfs" ino=334 scontext=u:r:gmscore_app:s0:c512,c768 tcontext=u:object_r:system_adbd_prop:s0 tclass=file permissive=0 app=com.google.android.gms
03-23 10:49:45.772  4311  4311 W binder:4311_4: type=1400 audit(0.0:98): avc:  denied  { read } for  name="u:object_r:adbd_prop:s0" dev="tmpfs" ino=59 scontext=u:r:gmscore_app:s0:c512,c768 tcontext=u:object_r:adbd_prop:s0 tclass=file permissive=0 app=com.google.android.gms
03-23 10:49:45.801  2353  2353 I Finsky  : [2] aheo.accept(94): SCH: Job 2-782066 starting
03-23 10:49:45.802  2353  2353 I Finsky  : [2] SelfUpdateImmediateInstallJob.d(6): SU: Starting immediate job
03-23 10:49:45.915   702   823 I RemoteProvisionSysSvc: getRegistration(android.hardware.security.keymint.IRemotelyProvisionedComponent/default)
03-23 10:49:45.918   702  1137 D BackgroundInstallControlService: Package event received: 0
03-23 10:49:45.921   702  1137 D BackgroundInstallControlService: Package event received: 0
03-23 10:49:45.927   702   702 I RegistrationProxy: onServiceConnected: com.android.rkpdapp.service.RemoteProvisioningService
03-23 10:49:45.934   702   731 I RegistrationProxy: IGetRegistrationCallback.onSuccess
03-23 10:49:45.938   702  2787 I RemoteProvisionSysSvc: Fetching key 10147 for client 201229786
03-23 10:49:45.938   702  2787 I RegistrationProxy: getKeyAsync operation started with callback 147036683
03-23 10:49:45.941  4550  9131 I RkpdRegistrationBinder: Key requested for : android.hardware.security.keymint.IRemotelyProvisionedComponent/default, clientUid: 1017, keyId: 10147, callback: 10684735
03-23 10:49:45.945  4550  9131 I RkpdRegistrationBinder: Key successfully assigned to client
03-23 10:49:45.945   702   702 I RemoteProvisionSysSvc: Successfully fetched key for client 201229786
03-23 10:49:45.950   275   275 D SoftKeymaster: system/keymaster/km_openssl/certificate_utils.cpp, Line 148: Using TAG_CERTIFICATE_NOT_BEFORE: 0
03-23 10:49:45.950   275   275 D SoftKeymaster: system/keymaster/km_openssl/certificate_utils.cpp, Line 154: Using TAG_CERTIFICATE_NOT_AFTER: 2461449600000
03-23 10:49:45.950   275   275 D SoftKeymaster: system/keymaster/km_openssl/certificate_utils.cpp, Line 159: Got certificate date params:  NotBefore = 0, NotAfter = 2461449600000
03-23 10:49:45.950   275   275 D SoftKeymaster: system/keymaster/km_openssl/certificate_utils.cpp, Line 273: Setting notBefore to 0
03-23 10:49:45.950   275   275 D SoftKeymaster: system/keymaster/km_openssl/certificate_utils.cpp, Line 282: Setting notAfter to 2461449600
03-23 10:49:46.047  4311  6346 W SystemServiceRegistry: No service published for: persistent_data_block
03-23 10:49:46.048   702   731 D FileUtils: Rounded bytes from 3121082368 to 4000000000
03-23 10:49:46.101  2353  2549 E android.vending: hiddenapi: Accessing hidden method Lcom/android/org/conscrypt/ConscryptEngineSocket;->setUseSessionTickets(Z)V (runtime_flags=CorePlatformApi, domain=core-platform, api=max-target-q,core-platform-api) from Lbjxr; (domain=app) using reflection: denied
03-23 10:49:46.102  2353  2549 E android.vending: hiddenapi: Accessing hidden method Lcom/android/org/conscrypt/OpenSSLSocketImpl;->setUseSessionTickets(Z)V (runtime_flags=CorePlatformApi, domain=core-platform, api=max-target-q,core-platform-api) from Lbjxr; (domain=app) using reflection: denied
03-23 10:49:46.102  2353  2549 E android.vending: hiddenapi: Accessing hidden method Lcom/android/org/conscrypt/AbstractConscryptSocket;->setUseSessionTickets(Z)V (runtime_flags=0, domain=core-platform, api=max-target-q) from Lbjxr; (domain=app) using reflection: denied
03-23 10:49:46.102  2353  2549 E android.vending: hiddenapi: Accessing hidden method Lcom/android/org/conscrypt/ConscryptEngineSocket;->setHostname(Ljava/lang/String;)V (runtime_flags=CorePlatformApi, domain=core-platform, api=max-target-q,core-platform-api) from Lbjxr; (domain=app) using reflection: denied
03-23 10:49:46.102  2353  2549 E android.vending: hiddenapi: Accessing hidden method Lcom/android/org/conscrypt/OpenSSLSocketImpl;->setHostname(Ljava/lang/String;)V (runtime_flags=CorePlatformApi, domain=core-platform, api=max-target-q,core-platform-api) from Lbjxr; (domain=app) using reflection: denied
03-23 10:49:46.102  2353  2549 E android.vending: hiddenapi: Accessing hidden method Lcom/android/org/conscrypt/AbstractConscryptSocket;->setHostname(Ljava/lang/String;)V (runtime_flags=0, domain=core-platform, api=max-target-q) from Lbjxr; (domain=app) using reflection: denied
03-23 10:49:46.102  2353  2549 E android.vending: hiddenapi: Accessing hidden method Lcom/android/org/conscrypt/OpenSSLSocketImpl;->setAlpnProtocols([B)V (runtime_flags=CorePlatformApi, domain=core-platform, api=max-target-q,core-platform-api) from Lbjxr; (domain=app) using reflection: denied
03-23 10:49:46.102  2353  2549 E android.vending: hiddenapi: Accessing hidden method Lcom/android/org/conscrypt/AbstractConscryptSocket;->setAlpnProtocols([B)V (runtime_flags=0, domain=core-platform, api=max-target-q) from Lbjxr; (domain=app) using reflection: denied
03-23 10:49:46.115  4311  6346 I EGL_emulation: Opening libGLESv1_CM_emulation.so
03-23 10:49:46.115  4311  6346 I EGL_emulation: Opening libGLESv2_emulation.so
03-23 10:49:46.161  2353  2549 E android.vending: hiddenapi: Accessing hidden method Lcom/android/org/conscrypt/OpenSSLSocketImpl;->getAlpnSelectedProtocol()[B (runtime_flags=CorePlatformApi, domain=core-platform, api=max-target-q,core-platform-api) from Lbjxr; (domain=app) using reflection: denied
03-23 10:49:46.161  2353  2549 E android.vending: hiddenapi: Accessing hidden method Lcom/android/org/conscrypt/AbstractConscryptSocket;->getAlpnSelectedProtocol()[B (runtime_flags=0, domain=core-platform, api=max-target-q) from Lbjxr; (domain=app) using reflection: denied
03-23 10:49:46.223  4311  6346 W libc    : Access denied finding property "persist.adb.tls_server.enable"
03-23 10:49:46.223  4311  6346 W libc    : Access denied finding property "service.adb.tls.port"
03-23 10:49:46.220  4311  4311 W binder:4311_6: type=1400 audit(0.0:99): avc:  denied  { read } for  name="u:object_r:system_adbd_prop:s0" dev="tmpfs" ino=334 scontext=u:r:gmscore_app:s0:c512,c768 tcontext=u:object_r:system_adbd_prop:s0 tclass=file permissive=0 app=com.google.android.gms
03-23 10:49:46.220  4311  4311 W binder:4311_6: type=1400 audit(0.0:100): avc:  denied  { read } for  name="u:object_r:adbd_prop:s0" dev="tmpfs" ino=59 scontext=u:r:gmscore_app:s0:c512,c768 tcontext=u:object_r:adbd_prop:s0 tclass=file permissive=0 app=com.google.android.gms
03-23 10:49:46.273  2353  9022 E AbstractLogEventBuilder: The provided ProductIdOrigin 3 is not one of the process-level expected values: 1 or 2
03-23 10:49:46.275  2353  9047 I Finsky  : [231] ahev.q(56): SCH: jobFinished: 10-76. TimeElapsed: 1898ms.
03-23 10:49:46.334  2353  2353 I Finsky  : [2] mxg.accept(156): [PLUS] Received response
03-23 10:49:46.369  2353  2528 I Finsky  : [61] aouk.apply(114): [PLUS] Adding payload case=9
03-23 10:49:46.373  2353  2528 I Finsky  : [61] aouk.apply(114): [PLUS] Adding payload case=8
03-23 10:49:46.373  2353  2528 I Finsky  : [61] aouk.apply(114): [PLUS] Adding payload case=10
03-23 10:49:46.374  2353  2528 I Finsky  : [61] aouk.apply(114): [PLUS] Adding payload case=11
03-23 10:49:46.375  2353  2528 I Finsky  : [61] aouk.apply(114): [PLUS] Adding payload case=12
03-23 10:49:46.375  2353  2528 I Finsky  : [61] aouk.apply(114): [PLUS] Adding payload case=13
03-23 10:49:46.375  2353  2528 I Finsky  : [61] aouk.apply(114): [PLUS] Adding payload case=14
03-23 10:49:46.376  2353  2528 I Finsky  : [61] aouk.apply(114): [PLUS] Adding payload case=15
03-23 10:49:46.376  2353  2528 I Finsky  : [61] aouk.apply(114): [PLUS] Adding payload case=16
03-23 10:49:46.376  2353  2528 I Finsky  : [61] aouk.apply(114): [PLUS] Adding payload case=17
03-23 10:49:46.380  2353  2528 I Finsky  : [61] aouk.apply(114): [PLUS] Adding payload case=18
03-23 10:49:46.381  2353  2528 I Finsky  : [61] aouk.apply(114): [PLUS] Adding payload case=19
03-23 10:49:46.382  2353  2528 I Finsky  : [61] aouk.apply(114): [PLUS] Adding payload case=20
03-23 10:49:46.382  2353  2528 I Finsky  : [61] aouk.apply(114): [PLUS] Adding payload case=21
03-23 10:49:46.383  2353  2528 I Finsky  : [61] aouk.apply(114): [PLUS] Adding payload case=24
03-23 10:49:46.384  2353  2528 I Finsky  : [61] aouk.apply(114): [PLUS] Adding payload case=34
03-23 10:49:46.385  2353  2528 I Finsky  : [61] aouk.apply(114): [PLUS] Adding payload case=5
03-23 10:49:46.396  2353  2377 W android.vending: Missing inline cache for java.lang.Object aouk.apply(java.lang.Object)
03-23 10:49:46.397  2353  2521 I Finsky  : [57] aqat.n(11): [PLUS] Syncing for users with urgency above: HYGIENE
03-23 10:49:46.400  2353  2473 I Finsky  : [49] urb.accept(127): [PLUS] Successfully updated PayloadValueStore
03-23 10:49:46.400  2353  2500 I Finsky  : [53] aiqb.a(627): [PLUS] Sync complete, number synced: 1, number failed: 0
03-23 10:49:46.402  2353  2500 E Finsky  : [53] aiea.w(47): [Counters] attempted to use a non-positive increment for: 3703
03-23 10:49:46.403  2353  2528 I Finsky  : [61] aouq.a(987): [PLUS] Syncing 1 train(s)
