03-23 10:49:22.614  1363  1638 E SatelliteController: registerForSatelliteCommunicationAccessStateChanged: SatelliteManager is null
03-23 10:49:22.614   702  1090 W IPCThreadState: Sending oneway calls to frozen process.
03-23 10:49:22.614  1363  1638 D SatelliteController: isCarrierRoamingNtnEligible: satellite access is not allowed
03-23 10:49:22.614  1363  1638 D SatelliteController: evaluateCarrierRoamingNtnEligibilityChange: isCarrierRoamingNtnEligible=false
03-23 10:49:22.614  1363  1638 D SatelliteController: getSelectedSatelliteSubId: subId=-1
03-23 10:49:22.614  1363  1638 D SatelliteController: notifyNtnEligibility: phoneId=0 currentNtnEligibility=false
03-23 10:49:22.614   702  1090 W IPCThreadState: Sending oneway calls to frozen process.
03-23 10:49:22.615   702  1090 D ConnectivityService: handleNetworkUnvalidated [100 WIFI] cap=[ Transports: WIFI Capabilities: NOT_METERED&INTERNET&NOT_RESTRICTED&TRUSTED&NOT_VPN&NOT_ROAMING&FOREGROUND&NOT_CONGESTED&NOT_SUSPENDED&PARTIAL_CONNECTIVITY&NOT_VCN_MANAGED&NOT_BANDWIDTH_CONSTRAINED LinkUpBandwidth>=12000Kbps LinkDnBandwidth>=30000Kbps Specifier: <WifiNetworkAgentSpecifier [WifiConfiguration=, SSID="AndroidWifi", BSSID=00:13:10:85:fe:01, band=1, mMatchLocalOnlySpecifiers=false]> TransportInfo: <SSID: "AndroidWifi", BSSID: 00:13:10:85:fe:01, MAC: 02:15:b2:00:00:00, IP: /10.0.2.16, Security type: 0, Supplicant state: COMPLETED, Wi-Fi standard: legacy, RSSI: -50, Link speed: 1Mbps, Tx Link speed: 1Mbps, Max Supported Tx Link speed: 11Mbps, Rx Link speed: 2Mbps, Max Supported Rx Link speed: 11Mbps, Frequency: 2447MHz, Net ID: 0, Metered hint: false, score: 60, isUsable: true, CarrierMerged: false, SubscriptionId: -1, IsPrimary: 1, Trusted: true, Restricted: false, Ephemeral: false, OEM paid: false, OEM private: false, OSU AP: false, FQDN: <none>, Provider friendly name: <none>, Requesting package name: <none>"AndroidWifi"openMLO Information: , Is TID-To-Link negotiation supported by the AP: false, AP MLD Address: <none>, AP MLO Link Id: <none>, AP MLO Affiliated links: <none>, Vendor Data: <none>> SignalStrength: -50 OwnerUid: 10179 AdminUids: [10179] SSID: "AndroidWifi" UnderlyingNetworks: Null]
03-23 10:49:22.615   702  1084 D WifiClientModeImpl[46844:wlan0]: NETWORK_STATUS_UNWANTED_VALIDATION_FAILED
03-23 10:49:22.616   702  1082 D NetworkStatsObservers: Registering observer for RequestInfo from pid/uid:702/1000(android) for DataUsageRequest [ requestId=25, networkTemplate=NetworkTemplate: matchRule=MOBILE, matchSubscriberIds=[310260...], matchWifiNetworkKeys=[], metered=YES, defaultNetwork=NO, thresholdInBytes=3385393 ] accessLevel:3
03-23 10:49:22.616   702  1084 W LastMileLogger: Failed to read event trace: /sys/kernel/debug/tracing/instances/wifi/trace
03-23 10:49:22.616  4627  4719 I BugleRcsEngine: Connected state: [1], networkType: [MOBILE] [CONTEXT thread_id=62 ]
03-23 10:49:22.616   702  1084 I WifiClientModeImpl[46844:wlan0]: Temporarily disabling network because of no-internet access
03-23 10:49:22.616   702  1180 D NetworkStatsObservers: Unregistering RequestInfo from pid/uid:702/1000(android) for DataUsageRequest [ requestId=24, networkTemplate=NetworkTemplate: matchRule=MOBILE, matchSubscriberIds=[310260...], matchWifiNetworkKeys=[], metered=YES, defaultNetwork=NO, thresholdInBytes=3393169 ] accessLevel:3
03-23 10:49:22.624   702  1749 D ActivityManager: sync unfroze 5637 com.google.android.apps.messaging for 7
03-23 10:49:22.626  5637  6899 D WM-NetworkStateTracker: Network capabilities changed: [ Transports: CELLULAR Capabilities: MMS&SUPL&DUN&FOTA&IMS&CBS&INTERNET&NOT_RESTRICTED&TRUSTED&NOT_VPN&VALIDATED&NOT_ROAMING&FOREGROUND&NOT_CONGESTED&NOT_SUSPENDED&NOT_VCN_MANAGED&NOT_BANDWIDTH_CONSTRAINED LinkUpBandwidth>=60000Kbps LinkDnBandwidth>=145000Kbps Specifier: <TelephonyNetworkSpecifier [mSubId = 1]> SubscriptionIds: {1} UnderlyingNetworks: Null]
03-23 10:49:22.628  4627  4811 I BugleRcsEngine: handleMessage processing message:[NOTIFY_UPTIME_IGNORE_STATE_CHANGED] with [non-null]:RcsEngineImpl reference [CONTEXT log_prefix="RcsEngineImpl[DUAL_REG]:[e0d84850-b014]>Handler" thread_id=65 ]
03-23 10:49:22.628  5637  8885 W StateMachineV2: Can't send message 9 on a StateMachineV2 instance that has already quit.
03-23 10:49:22.628  5637  8195 W StateMachineV2: Can't send message 9 on a StateMachineV2 instance that has already quit.
03-23 10:49:22.629  5637  8883 W StateMachineV2: Can't send message 9 on a StateMachineV2 instance that has already quit.
03-23 10:49:22.630  5637  8881 W StateMachineV2: Can't send message 9 on a StateMachineV2 instance that has already quit.
03-23 10:49:22.630  5637  8884 W StateMachineV2: Can't send message 9 on a StateMachineV2 instance that has already quit.
03-23 10:49:22.630  5637  8260 W StateMachineV2: Can't send message 9 on a StateMachineV2 instance that has already quit.
03-23 10:49:22.631  5637  8880 W StateMachineV2: Can't send message 9 on a StateMachineV2 instance that has already quit.
03-23 10:49:22.632  5637  8880 W StateMachineV2: Can't send message 9 on a StateMachineV2 instance that has already quit.
03-23 10:49:22.634  4627  4719 I BugleRcsEngine: Connected state: [1], networkType: [MOBILE] [CONTEXT thread_id=62 ]
03-23 10:49:22.636  5637  8260 W StateMachineV2: Can't send message 9 on a StateMachineV2 instance that has already quit.
03-23 10:49:22.639   702  1137 D BackgroundInstallControlService: Package event received: 0
03-23 10:49:22.636  5637  8882 W StateMachineV2: Can't send message 9 on a StateMachineV2 instance that has already quit.
03-23 10:49:22.642  5637  8977 W StateMachineV2: Can't send message 9 on a StateMachineV2 instance that has already quit.
03-23 10:49:22.643  5637  8195 W StateMachineV2: Can't send message 9 on a StateMachineV2 instance that has already quit.
03-23 10:49:22.654  4627  4719 I BugleRcsEngine: Connected state: [1], networkType: [MOBILE] [CONTEXT thread_id=62 ]
03-23 10:49:22.660   702   731 W ScanResultUtil: Empty or null ScanResult list
03-23 10:49:22.660   702   731 W WifiService: Attempt to retrieve WifiConfiguration with invalid scanResult List
03-23 10:49:22.667  1565  2079 I TrafficStats: tagSocketFd(-1, 536871943, -1) failed with errno-9
03-23 10:49:22.670  4627  4811 I BugleRcsEngine: No RCS Configuration was found in Bugle for simID: redacted-pii:sim_id[chars:20,last3:897] [CONTEXT log_prefix="ProvisioningEngineDataRetriever" thread_id=65 ]
03-23 10:49:22.671  4627  4718 I BugleRcsEngine: No RCS Configuration was found in Bugle for simID: redacted-pii:sim_id[chars:20,last3:897] [CONTEXT log_prefix="ProvisioningEngineDataRetriever" thread_id=61 ]
03-23 10:49:22.672  4627  4718 I BugleRcsEngine: handleMessage processing message:[NOTIFY_UPTIME_IGNORE_STATE_CHANGED] with [non-null]:RcsEngineImpl reference [CONTEXT log_prefix="RcsEngineImpl[DUAL_REG]:[59dc9a48-5c10]>Handler" thread_id=61 ]
03-23 10:49:22.673  1565  3913 I NullBinder: NullBinder for android.net.action.RECOMMEND_NETWORKS triggering remote TransactionTooLargeException due to Service without Chimera impl
03-23 10:49:22.674  4627  4811 I BugleRcsEngine: handleMessage processing message:[NOTIFY_UPTIME_IGNORE_STATE_CHANGED] with [non-null]:RcsEngineImpl reference [CONTEXT log_prefix="RcsEngineImpl[DUAL_REG]:[e0d84850-b014]>Handler" thread_id=65 ]
03-23 10:49:22.679   702   731 W ScanResultUtil: Empty or null ScanResult list
03-23 10:49:22.679   702   731 W WifiService: Attempt to retrieve WifiConfiguration with invalid scanResult List
03-23 10:49:22.679   702   731 W ScanResultUtil: Empty or null ScanResult list
03-23 10:49:22.679   702   731 E WifiService: Attempt to retrieve passpoint with invalid scanResult List
03-23 10:49:22.679   702   731 W ScanResultUtil: Empty or null ScanResult list
03-23 10:49:22.679   702   731 W WifiService: Attempt to retrieve OsuProviders with invalid scanResult List
03-23 10:49:22.685  1565  3913 W .gms.persistent: Large reply transaction of 1056768 bytes, interface descriptor , code 1
03-23 10:49:22.688  4627  4718 I BugleRcsEngine: No RCS Configuration was found in Bugle for simID: redacted-pii:sim_id[chars:20,last3:897] [CONTEXT log_prefix="ProvisioningEngineDataRetriever" thread_id=61 ]
03-23 10:49:22.695  4627  4811 I BugleRcsEngine: No RCS Configuration was found in Bugle for simID: redacted-pii:sim_id[chars:20,last3:897] [CONTEXT log_prefix="ProvisioningEngineDataRetriever" thread_id=65 ]
03-23 10:49:22.790  8978  8978 W dumpsys : Thread Pool max thread count is 0. Cannot cache binder as linkToDeath cannot be implemented. serviceName: package
03-23 10:49:22.793  1565  8620 W WakeLock: GCM_HB_ALARM release without a matched acquire! [CONTEXT service_id=259 ]
03-23 10:49:22.793  1565  8620 W WakeLock: GCM_HB_ALARM counter does not exist
03-23 10:49:22.800  1565  8620 E GmsTaskScheduler: sendWakeUpEvent called on SchedulerClientBroadcastStrategy
03-23 10:49:22.800  1565  8620 I AlarmManager: setExactAndAllowWhileIdle [name: GCM_HB_ALARM type: 2 triggerAtMillis: 2416056]
03-23 10:49:22.854  1565  8620 I AlarmManager: setExactAndAllowWhileIdle [name: GCM_HB_ALARM type: 2 triggerAtMillis: 2416109]
03-23 10:49:22.856  1565  8620 W WakeLock: GCM_CONN_ALARM release without a matched acquire! [CONTEXT service_id=259 ]
03-23 10:49:22.856  1565  8620 W WakeLock: GCM_CONN_ALARM counter does not exist
03-23 10:49:22.856  3123  3125 I artd    : GetBestInfo: odex next to the dex file (/product/priv-app/PrebuiltGmsCore/oat/x86_64/PrebuiltGmsCore.odex) is kOatUpToDate with filter 'verify' executable 'false'
03-23 10:49:22.859  1565  8620 I AlarmManager: setExactAndAllowWhileIdle [name: GCM_HB_ALARM type: 2 triggerAtMillis: 2416115]
03-23 10:49:22.862  1565  8620 E GmsTaskScheduler: sendWakeUpEvent called on SchedulerClientBroadcastStrategy
03-23 10:49:22.865  3123  3125 I artd    : GetBestInfo: /data/user_de/0/com.google.android.gms/app_chimera/m/00000001/CronetDynamite.apk has no usable artifacts
03-23 10:49:22.865  3123  3125 I artd    : GetBestInfo: /data/user_de/0/com.google.android.gms/app_chimera/m/00000002/DynamiteLoader.apk has no usable artifacts
03-23 10:49:22.866  3123  3125 I artd    : GetBestInfo: /data/user_de/0/com.google.android.gms/app_chimera/m/00000005/GoogleCertificates.apk has no usable artifacts
03-23 10:49:22.868  3123  3125 I artd    : GetBestInfo: vdex next to the dex file (/data/user/0/com.google.android.gms/app_dg_cache/E054CA794C125F959C88D4849C82AB3F226237E6/oat/x86_64/the.vdex) is kOatUpToDate with filter 'verify' executable 'false'
03-23 10:49:22.869  3123  3125 I artd    : GetBestInfo: /data/user_de/0/com.google.android.gms/app_chimera/m/00000007/MeasurementDynamite.apk has no usable artifacts
03-23 10:49:22.870  3123  3125 I artd    : GetBestInfo: /data/user_de/0/com.google.android.gms/app_chimera/m/00000009/dl-MlkitBarcodeUi.optional_250834100800.apk has no usable artifacts
03-23 10:49:23.105  1565  2616 I NearbyDiscovery: (REDACTED) FastPairHandler: Received action %s
03-23 10:49:23.106  1720  8982 I DeviceStatusMonitor: DeviceStatusMonitor.handleBroadcast():123 onReceive() : Action = android.net.conn.CONNECTIVITY_CHANGE
03-23 10:49:23.108  1720  8982 I DeviceStatusMonitor: DeviceStatusMonitor.notifyIfNetworkChanged():180 notifyIfNetworkChanged: newState = METERED, airplaneModeOn = false, notifyAnyway = false
03-23 10:49:23.108  1720  8982 I NetworkInfoNotification: NetworkInfoNotification$Listener.onReceive():107 onNetworkAvailable: networkState = METERED, isAirplaneModeOn = false
03-23 10:49:23.109  1720  1720 I NetworkInfoNotification: NetworkInfoNotification$Listener.onReceive():107 onNetworkAvailable: networkState = METERED, isAirplaneModeOn = false
03-23 10:49:23.109  1720  1720 I HandwritingOnlineSuperpacks: HandwritingOnlineSuperpacks$1.onNetworkAvailable():70 onNetworkAvailable
03-23 10:49:23.110  1720  8982 I DeviceStatusMonitor: DeviceStatusMonitor.handleBroadcast():123 onReceive() : Action = android.net.conn.CONNECTIVITY_CHANGE
03-23 10:49:23.110  1720  8983 I NetworkInfoNotification: NetworkInfoNotification$Listener.onReceive():107 onNetworkAvailable: networkState = METERED, isAirplaneModeOn = false
03-23 10:49:23.110  1720  8983 E NotificationCenter: NotificationCenter.registerListenerInternal():378 Listener kel@3648443 is already registered for notification class kdz
03-23 10:49:23.110  1720  1720 I HandwritingSuperpacks: HandwritingSuperpacks.register():273 register(): version '86', url 'https://dl.google.com/handwriting/models/handwriting_release.superpack_manifest.20231127.json' [ONLINE]
03-23 10:49:23.111  1720  1720 I NetworkInfoNotification: NetworkInfoNotification$Listener.onReceive():107 onNetworkAvailable: networkState = METERED, isAirplaneModeOn = false
03-23 10:49:23.114  1720  8982 I DeviceStatusMonitor: DeviceStatusMonitor.notifyIfNetworkChanged():180 notifyIfNetworkChanged: newState = METERED, airplaneModeOn = false, notifyAnyway = false
03-23 10:49:23.114   702  1749 W ProcessStats: Tracking association SourceState{a1644aa com.google.android.apps.messaging:rcs/10146 BFgs #7774} whose proc state 4 is better than process ProcessState{ff6f02f com.google.android.apps.messaging/10146 pkg=com.google.android.apps.messaging} proc state 14 (23 skipped)
03-23 10:49:23.117  1565  2616 I NearbyDiscovery: (REDACTED) FastPairHandler: Received action %s
03-23 10:49:23.119  1720  8985 I DownloadManager: DownloadManager.downloadInternal():412 Download for __SP_MANIFEST_handwriting_recognition scheduled with params DownloadParams{allowMetered=true, requireCharging=false, foreground=false, immediately=true, priority=0}
03-23 10:49:23.120  1720  8985 I DownloadManager: DownloadManager.startDownload():495 start download of __SP_MANIFEST_handwriting_recognition
03-23 10:49:23.121  1720  8985 I DownloadManager: DownloadManager$4.onSuccess():564 download for __SP_MANIFEST_handwriting_recognition is finished with files # mxp@9743e033
03-23 10:49:23.121  5637  8882 I BugleDataModel: ActionExecutorImpl: ACTION_EXECUTE_QUEUED_CountryCodeDetectorAction
03-23 10:49:23.123  5637  8977 I BugleDataModel: ExecuteActionRunnable: running action CountryCodeDetectorAction
03-23 10:49:23.124  1565  8620 W ctxmgr  : [NetworkStateProducer] No state change for network connection context [CONTEXT service_id=47 ]
03-23 10:49:23.125  5637  8977 I BugleDataModel: ActionExecutorImpl: ACTION_BACKGROUND_QUEUED_CountryCodeDetectorAction
03-23 10:49:23.128  1720  8865 I HandwritingOnlineSuperpacks: HandwritingOnlineSuperpacks.syncInternal():168 syncPackMapping()
03-23 10:49:23.129  1720  8865 I MDDSuperpacks: MDDSuperpacks.sync():223 sync requested for handwriting_recognition
03-23 10:49:23.131  5637  8260 I Bugle   : CountryCodeDetector: updateSmsNetworkCountry from default subscription network country. detected country: us
03-23 10:49:23.132  5637  8260 I BugleDataModel: ActionExecutorImpl: ACTION_RESPONSE_QUEUED_CountryCodeDetectorAction
03-23 10:49:23.133   702   745 D ActivityManager: sync unfroze 6537 com.google.android.settings.intelligence for 3
03-23 10:49:23.140   702  1749 W JobInfo : Job 'com.google.android.settings.intelligence/.modules.routines.impl.RoutinesJobIntentService#1728' has a deadline with no functional constraints. The deadline won't improve job execution latency. Consider removing the deadline.
03-23 10:49:23.140  1720  8985 I MDDSuperpacks: MDDSuperpacks.getPacks():548 getting packs for superpack: handwriting_recognition
03-23 10:49:23.146  1720  8985 I MDDSuperpacks: MDDSuperpacks$3.onSuccess():558 packs [transformer_latin_tflite_20231010_zip, scribe_latin_20231123_tflite_zip, qrnn_en_us_reco_20231010_fst_20230613_recospec_zip, transformer_latin_conf_tflite_20231010_zip, pack_mapping_v1_lstm_20231127, transformer_latin_seg_tflite_20231010_zip, scribe_latin_20231123_recospec_zip, en_us_20230613_compact_fst_zip] got for superpack: handwriting_recognition
03-23 10:49:23.148  1720  8988 I HandwritingSlicingStrategy: HandwritingSlicingStrategy.getSlices():44 getSlices(): handwriting_recognition.86 useForeground=true
03-23 10:49:23.149  1720  8988 I HandwritingSlicingStrategy: HandwritingSlicingStrategy.getSlices():103 getSlices(): result {slices=[{handwriting_recognition:pack_mapping_v1_lstm_20231127, m:*:*:*, fg}, {handwriting_recognition:transformer_latin_tflite_20231010_zip, m:*:*:*, fg}, {handwriting_recognition:qrnn_en_us_reco_20231010_fst_20230613_recospec_zip, m:*:*:*, fg}, {handwriting_recognition:transformer_latin_conf_tflite_20231010_zip, m:*:*:*, fg}, {handwriting_recognition:transformer_latin_seg_tflite_20231010_zip, m:*:*:*, fg}, {handwriting_recognition:en_us_20230613_compact_fst_zip, m:*:*:*, fg}, {handwriting_recognition:scribe_latin_20231123_tflite_zip, m:*:*:*, fg}, {handwriting_recognition:scribe_latin_20231123_recospec_zip, m:*:*:*, fg}], last batch=true, sync metadata=false}
03-23 10:49:23.149  1720  8984 I MDDSuperpacks: MDDSuperpacks.getPacks():548 getting packs for superpack: handwriting_recognition
03-23 10:49:23.154  1720  8985 I MDDSuperpacks: MDDSuperpacks$2.onSuccess():274 Sync success for handwriting_recognition with result: {old=[en_us_20230613_compact_fst_zip, pack_mapping_v1_lstm_20231127, qrnn_en_us_reco_20231010_fst_20230613_recospec_zip, scribe_latin_20231123_recospec_zip, scribe_latin_20231123_tflite_zip, transformer_latin_conf_tflite_20231010_zip, transformer_latin_seg_tflite_20231010_zip, transformer_latin_tflite_20231010_zip], new=[en_us_20230613_compact_fst_zip, pack_mapping_v1_lstm_20231127, qrnn_en_us_reco_20231010_fst_20230613_recospec_zip, scribe_latin_20231123_recospec_zip, scribe_latin_20231123_tflite_zip, transformer_latin_conf_tflite_20231010_zip, transformer_latin_seg_tflite_20231010_zip, transformer_latin_tflite_20231010_zip], metadata=false, last batch=true}
03-23 10:49:23.154  1720  8984 I MDDSuperpacks: MDDSuperpacks$3.onSuccess():558 packs [transformer_latin_tflite_20231010_zip, scribe_latin_20231123_tflite_zip, qrnn_en_us_reco_20231010_fst_20230613_recospec_zip, transformer_latin_conf_tflite_20231010_zip, pack_mapping_v1_lstm_20231127, transformer_latin_seg_tflite_20231010_zip, scribe_latin_20231123_recospec_zip, en_us_20230613_compact_fst_zip] got for superpack: handwriting_recognition
03-23 10:49:23.154  1720  8866 I HandwritingOnlineSuperpacks: HandwritingOnlineSuperpacks.syncInternal():187 syncInternal(): syncing packs
03-23 10:49:23.155  1720  8866 I HandwritingOnlineSuperpacks: HandwritingOnlineSuperpacks$2.onSyncSuccess():225 syncInternal(): complete {old=[en_us_20230613_compact_fst_zip, pack_mapping_v1_lstm_20231127, qrnn_en_us_reco_20231010_fst_20230613_recospec_zip, scribe_latin_20231123_recospec_zip, scribe_latin_20231123_tflite_zip, transformer_latin_conf_tflite_20231010_zip, transformer_latin_seg_tflite_20231010_zip, transformer_latin_tflite_20231010_zip], new=[en_us_20230613_compact_fst_zip, pack_mapping_v1_lstm_20231127, qrnn_en_us_reco_20231010_fst_20230613_recospec_zip, scribe_latin_20231123_recospec_zip, scribe_latin_20231123_tflite_zip, transformer_latin_conf_tflite_20231010_zip, transformer_latin_seg_tflite_20231010_zip, transformer_latin_tflite_20231010_zip], metadata=false, last batch=true}
03-23 10:49:23.155  1720  8866 I MDDSuperpacks: MDDSuperpacks.getPacks():548 getting packs for superpack: handwriting_recognition
03-23 10:49:23.164  1720  8866 I MDDSuperpacks: MDDSuperpacks$3.onSuccess():558 getting packs for superpack: handwriting_recognition
03-23 10:49:23.164  1720  8985 I MDDSuperpacks: MDDSuperpacks$3.onSuccess():558 packs [transformer_latin_tflite_20231010_zip, scribe_latin_20231123_tflite_zip, qrnn_en_us_reco_20231010_fst_20230613_recospec_zip, transformer_latin_conf_tflite_20231010_zip, pack_mapping_v1_lstm_20231127, transformer_latin_seg_tflite_20231010_zip, scribe_latin_20231123_recospec_zip, en_us_20230613_compact_fst_zip] got for superpack: handwriting_recognition
03-23 10:49:23.173  1720  8866 I MDDSuperpacks: MDDSuperpacks.getPacks():548 getting packs for superpack: handwriting_recognition_offline
03-23 10:49:23.175  1720  8988 I MDDSuperpacks: MDDSuperpacks$3.onSuccess():558 packs [transformer_latin_tflite_20231010_zip, scribe_latin_20231123_tflite_zip, qrnn_en_us_reco_20231010_fst_20230613_recospec_zip, transformer_latin_conf_tflite_20231010_zip, pack_mapping_v1_lstm_20231127, transformer_latin_seg_tflite_20231010_zip, scribe_latin_20231123_recospec_zip, en_us_20230613_compact_fst_zip] got for superpack: handwriting_recognition
03-23 10:49:23.175  1720  8985 W MDDSuperpacks: MDDSuperpacks.constructPackSet():578 file group is empty
03-23 10:49:23.175  1720  8871 E HandwritingSuperpacksUtil: HandwritingSuperpacksUtil.getPackMappingPackName():40 No pack mapping pack found in []
03-23 10:49:23.175  1720  8871 I HandwritingSuperpacks: HandwritingSuperpacks.reloadCache():237 updatePackMappingsCache(): pack mapping pack unavailable [OFFLINE]
03-23 10:49:23.176  1720  8871 I MDDSuperpacks: MDDSuperpacks.getPacks():548 getting packs for superpack: handwriting_recognition
03-23 10:49:23.177  1720  8984 I MDDSuperpacks: MDDSuperpacks$3.onSuccess():558 packs [] got for superpack: handwriting_recognition_offline
03-23 10:49:23.189  1720  8871 I MDDSuperpacks: MDDSuperpacks.getPacks():548 getting packs for superpack: handwriting_recognition
03-23 10:49:23.192  1720  8985 I MDDSuperpacks: MDDSuperpacks$3.onSuccess():558 packs [transformer_latin_tflite_20231010_zip, scribe_latin_20231123_tflite_zip, qrnn_en_us_reco_20231010_fst_20230613_recospec_zip, transformer_latin_conf_tflite_20231010_zip, pack_mapping_v1_lstm_20231127, transformer_latin_seg_tflite_20231010_zip, scribe_latin_20231123_recospec_zip, en_us_20230613_compact_fst_zip] got for superpack: handwriting_recognition
03-23 10:49:23.193  1720  8985 I MDDSuperpacks: MDDSuperpacks$3.onSuccess():558 packs [transformer_latin_tflite_20231010_zip, scribe_latin_20231123_tflite_zip, qrnn_en_us_reco_20231010_fst_20230613_recospec_zip, transformer_latin_conf_tflite_20231010_zip, pack_mapping_v1_lstm_20231127, transformer_latin_seg_tflite_20231010_zip, scribe_latin_20231123_recospec_zip, en_us_20230613_compact_fst_zip] got for superpack: handwriting_recognition
03-23 10:49:23.583  1302  8991 D NetworkMonitor/100: PROBE_DNS connectivitycheck.gstatic.com 7ms OK 142.250.77.99,2404:6800:4007:833::2003
03-23 10:49:23.592  1302  8990 D NetworkMonitor/100: PROBE_DNS www.google.com 16ms OK 142.251.151.119,142.251.157.119,142.251.154.119,142.251.153.119,142.251.152.119,142.251.155.119,142.251.156.119,142.251.150.119,2404:6800:4007:835::2004
03-23 10:49:23.597  1302  8991 D NetworkMonitor/100: PROBE_HTTP http://connectivitycheck.gstatic.com/generate_204 time=12ms ret=204 request={Connection=[close], User-Agent=[Mozilla/5.0 (X11; Linux x86_64) AppleWebKit/537.36 (KHTML, like Gecko) Chrome/60.0.3112.32 Safari/537.36]} headers={null=[HTTP/1.1 204 No Content], Connection=[close], Content-Length=[0], Cross-Origin-Resource-Policy=[cross-origin], Date=[Mon, 23 Mar 2026 05:19:24 GMT], X-Android-Received-Millis=[1774243163596], X-Android-Response-Source=[NETWORK 204], X-Android-Selected-Protocol=[http/1.1], X-Android-Sent-Millis=[1774243163590]}
03-23 10:49:23.642  1302  8990 D NetworkMonitor/100: PROBE_HTTPS https://www.google.com/generate_204 time=48ms ret=204 request={Connection=[close], User-Agent=[Mozilla/5.0 (X11; Linux x86_64) AppleWebKit/537.36 (KHTML, like Gecko) Chrome/60.0.3112.32 Safari/537.36]} headers={null=[HTTP/1.1 204 No Content], Alt-Svc=[h3=":443"; ma=2592000,h3-29=":443"; ma=2592000], Connection=[close], Content-Length=[0], Cross-Origin-Resource-Policy=[cross-origin], Date=[Mon, 23 Mar 2026 05:19:24 GMT], X-Android-Received-Millis=[1774243163641], X-Android-Response-Source=[NETWORK 204], X-Android-Selected-Protocol=[http/1.1], X-Android-Sent-Millis=[1774243163636]}
03-23 10:49:23.643  1302  8989 D NetworkMonitor/100: isCaptivePortal: isSuccessful()=true isPortal()=false RedirectUrl=null isPartialConnectivity()=false Time=68ms
03-23 10:49:23.646   702  1090 D ConnectivityService: [100 WIFI] validation passed
03-23 10:49:23.646   702  1090 I ConnectivityService: Update capabilities for net 100 : -PARTIAL_CONNECTIVITY+VALIDATED
03-23 10:49:23.646   702  1090 I ConnectivityService: Update score for net 100 : +IS_VALIDATED
03-23 10:49:23.646   702  1090 D ConnectivityService: Switching to new default network for: uid/pid:1000/702 activeRequest: 1 callbackRequest: 1 [NetworkRequest [ REQUEST id=1, [ Capabilities: INTERNET&NOT_RESTRICTED&TRUSTED&NOT_VPN&NOT_VCN_MANAGED&NOT_BANDWIDTH_CONSTRAINED RequestorUid: 1000 RequestorPkg: android UnderlyingNetworks: Null] ]] callback flags: 1 order: 2147483647 isUidTracked: false declaredMethods: NONE using NetworkAgentInfo{network{100}  handle{432902426637}  ni{WIFI CONNECTED extra: } created=2026-03-23T05:09:11.215Z Score(Policies : TRANSPORT_PRIMARY&EVER_EVALUATED&IS_UNMETERED&EVER_VALIDATED&IS_VALIDATED ; KeepConnected : 0)  created 54901 firstValidated 55996 lastValidated 666901  lp{{InterfaceName: wlan0 LinkAddresses: [ fe80::94e7:159:4b11:46ba/64,10.0.2.16/24,fec0::d401:8022:3962:fed7/64,fec0::40fc:f14b:243e:6755/64 ] DnsAddresses: [ /10.0.2.3 ] Domains: null MTU: 0 ServerAddress: /10.0.2.2 TcpBufferSizes: 524288,1048576,2097152,262144,524288,1048576 Routes: [ fe80::/64 -> :: wlan0 mtu 0,::/0 -> fe80::2 wlan0 mtu 0,fec0::/64 -> :: wlan0 mtu 0,10.0.2.0/24 -> 0.0.0.0 wlan0 mtu 0,0.0.0.0/0 -> 10.0.2.2 wlan0 mtu 0 ]}}  nc{[ Transports: WIFI Capabilities: NOT_METERED&INTERNET&NOT_RESTRICTED&TRUSTED&NOT_VPN&VALIDATED&NOT_ROAMING&FOREGROUND&NOT_CONGESTED&NOT_SUSPENDED&NOT_VCN_MANAGED&NOT_BANDWIDTH_CONSTRAINED LinkUpBandwidth>=12000Kbps LinkDnBandwidth>=30000Kbps Specifier: <WifiNetworkAgentSpecifier [WifiConfiguration=, SSID="AndroidWifi", BSSID=00:13:10:85:fe:01, band=1, mMatchLocalOnlySpecifiers=false]> TransportInfo: <SSID: "AndroidWifi", BSSID: 00:13:10:85:fe:01, MAC: 02:15:b2:00:00:00, IP: /10.0.2.16, Security type: 0, Supplicant state: COMPLETED, Wi-Fi standard: legacy, RSSI: -50, Link speed: 1Mbps, Tx Link speed: 1Mbps, Max Supported Tx Link speed: 11Mbps, Rx Link speed: 2Mbps, Max Supported Rx Link speed: 11Mbps, Frequency: 2447MHz, Net ID: 0, Metered hint: false, score: 60, isUsable: true, CarrierMerged: false, SubscriptionId: -1, IsPrimary: 1, Trusted: true, Restricted: false, Ephemeral: false, OEM paid: false, OEM private: false, OSU AP: false, FQDN: <none>, Provider friendly name: <none>, Requesting package name: <none>"AndroidWifi"openMLO Information: , Is TID-To-Link negotiation supported by the AP: false, AP MLD Address: <none>, AP MLO Link Id: <none>, AP MLO Affiliated links: <none>, Vendor Data: <none>> SignalStrength: -50 OwnerUid: 10179 AdminUids: [10179] SSID: "AndroidWifi" UnderlyingNetworks: Null]}  factorySerialNumber=6}
03-23 10:49:23.676   702  1090 D ConnectivityService: Switching to new default network for: uid/pid:1000/702 activeRequest: 19 callbackRequest: 19 [NetworkRequest [ TRACK_DEFAULT id=19, [ Capabilities: INTERNET&NOT_RESTRICTED&TRUSTED&NOT_VPN&NOT_VCN_MANAGED&NOT_BANDWIDTH_CONSTRAINED Uid: 10146 RequestorUid: 1000 RequestorPkg: android UnderlyingNetworks: Null] ], NetworkRequest [ REQUEST id=20, [ Transports: SATELLITE Capabilities: INTERNET&TRUSTED&NOT_VPN&NOT_VCN_MANAGED Uid: 10146 UnderlyingNetworks: Null] ]] callback flags: 0 order: 40 isUidTracked: false declaredMethods: NONE using NetworkAgentInfo{network{100}  handle{432902426637}  ni{WIFI CONNECTED extra: } created=2026-03-23T05:09:11.215Z Score(Policies : TRANSPORT_PRIMARY&EVER_EVALUATED&IS_UNMETERED&EVER_VALIDATED&IS_VALIDATED ; KeepConnected : 0)  created 54901 firstValidated 55996 lastValidated 666901  lp{{InterfaceName: wlan0 LinkAddresses: [ fe80::94e7:159:4b11:46ba/64,10.0.2.16/24,fec0::d401:8022:3962:fed7/64,fec0::40fc:f14b:243e:6755/64 ] DnsAddresses: [ /10.0.2.3 ] Domains: null MTU: 0 ServerAddress: /10.0.2.2 TcpBufferSizes: 524288,1048576,2097152,262144,524288,1048576 Routes: [ fe80::/64 -> :: wlan0 mtu 0,::/0 -> fe80::2 wlan0 mtu 0,fec0::/64 -> :: wlan0 mtu 0,10.0.2.0/24 -> 0.0.0.0 wlan0 mtu 0,0.0.0.0/0 -> 10.0.2.2 wlan0 mtu 0 ]}}  nc{[ Transports: WIFI Capabilities: NOT_METERED&INTERNET&NOT_RESTRICTED&TRUSTED&NOT_VPN&VALIDATED&NOT_ROAMING&FOREGROUND&NOT_CONGESTED&NOT_SUSPENDED&NOT_VCN_MANAGED&NOT_BANDWIDTH_CONSTRAINED LinkUpBandwidth>=12000Kbps LinkDnBandwidth>=30000Kbps Specifier: <WifiNetworkAgentSpecifier [WifiConfiguration=, SSID="AndroidWifi", BSSID=00:13:10:85:fe:01, band=1, mMatchLocalOnlySpecifiers=false]> TransportInfo: <SSID: "AndroidWifi", BSSID: 00:13:10:85:fe:01, MAC: 02:15:b2:00:00:00, IP: /10.0.2.16, Security type: 0, Supplicant state: COMPLETED, Wi-Fi standard: legacy, RSSI: -50, Link speed: 1Mbps, Tx Link speed: 1Mbps, Max Supported Tx Link speed: 11Mbps, Rx Link speed: 2Mbps, Max Supported Rx Link speed: 11Mbps, Frequency: 2447MHz, Net ID: 0, Metered hint: false, score: 60, isUsable: true, CarrierMerged: false, SubscriptionId: -1, IsPrimary: 1, Trusted: true, Restricted: false, Ephemeral: false, OEM paid: false, OEM private: false, OSU AP: false, FQDN: <none>, Provider friendly name: <none>, Requesting package name: <none>"AndroidWifi"openMLO Information: , Is TID-To-Link negotiation supported by the AP: false, AP MLD Address: <none>, AP MLO Link Id: <none>, AP MLO Affiliated links: <none>, Vendor Data: <none>> SignalStrength: -50 OwnerUid: 10179 AdminUids: [10179] SSID: "AndroidWifi" UnderlyingNetworks: Null]}  factorySerialNumber=6}
03-23 10:49:23.678   702  1090 W IPCThreadState: Sending oneway calls to frozen process.
03-23 10:49:23.679   702  1090 W IPCThreadState: Sending oneway calls to frozen process.
03-23 10:49:23.680   702  1090 W IPCThreadState: Sending oneway calls to frozen process.
03-23 10:49:23.682   702  1090 W IPCThreadState: Sending oneway calls to frozen process.
03-23 10:49:23.683   702  1119 D NetworkTimeUpdateService: New default network 100; checking time.
03-23 10:49:23.683   702  1090 D ConnectivityService: Sending DISCONNECTED broadcast for type 0 [101 CELLULAR] isDefaultNetwork=true
03-23 10:49:23.684  4627  4718 I BugleRcsEngine: handleMessage processing message:[NOTIFY_UPTIME_IGNORE_STATE_CHANGED] with [non-null]:RcsEngineImpl reference [CONTEXT log_prefix="RcsEngineImpl[DUAL_REG]:[59dc9a48-5c10]>Handler" thread_id=61 ]
03-23 10:49:23.685   702  1090 W ContextImpl: Calling a method in the system process without a qualified user: android.app.ContextImpl.sendStickyBroadcast:1698 android.net.connectivity.com.android.server.ConnectivityService.sendStickyBroadcast:4081 android.net.connectivity.com.android.server.ConnectivityService.sendLegacyNetworkBroadcast:12467 android.net.connectivity.com.android.server.ConnectivityService$LegacyTypeTracker.remove:1333 android.net.connectivity.com.android.server.ConnectivityService.updateLegacyTypeTrackerAndVpnLockdownForRematch:11927 
03-23 10:49:23.685  4627  4719 I BugleRcsEngine: Connected state: [1], networkType: [WIFI] [CONTEXT thread_id=62 ]
03-23 10:49:23.687  1302  1329 D UpstreamNetworkMonitor: New default Internet network: 100
03-23 10:49:23.687   702   736 I GnssNetworkConnectivityHandler: updateNetworkState, state=CLOSED, connected=true, network=100, capabilityFlags=3, availableNetworkCount: 2
03-23 10:49:23.687  4627  4719 I BugleRcsEngine: Connected state: [1], networkType: [WIFI] [CONTEXT thread_id=62 ]
03-23 10:49:23.688  4627  4719 I BugleRcsEngine: Connected state: [1], networkType: [WIFI] [CONTEXT thread_id=62 ]
03-23 10:49:23.688  5637  6899 D WM-NetworkStateTracker: Network capabilities changed: [ Transports: WIFI Capabilities: NOT_METERED&INTERNET&NOT_RESTRICTED&TRUSTED&NOT_VPN&VALIDATED&NOT_ROAMING&FOREGROUND&NOT_CONGESTED&NOT_SUSPENDED&NOT_VCN_MANAGED&NOT_BANDWIDTH_CONSTRAINED LinkUpBandwidth>=12000Kbps LinkDnBandwidth>=30000Kbps TransportInfo: <SSID: <unknown ssid>, BSSID: 02:00:00:00:00:00, MAC: 02:00:00:00:00:00, IP: /10.0.2.16, Security type: 0, Supplicant state: COMPLETED, Wi-Fi standard: legacy, RSSI: -50, Link speed: 1Mbps, Tx Link speed: 1Mbps, Max Supported Tx Link speed: 11Mbps, Rx Link speed: 2Mbps, Max Supported Rx Link speed: 11Mbps, Frequency: 2447MHz, Net ID: -1, Metered hint: false, score: 60, isUsable: true, CarrierMerged: false, SubscriptionId: -1, IsPrimary: -1, Trusted: true, Restricted: false, Ephemeral: false, OEM paid: false, OEM private: false, OSU AP: false, FQDN: <none>, Provider friendly name: <none>, Requesting package name: <none><none>MLO Information: , Is TID-To-Link negotiation supported by the AP: false, AP MLD Address: <none>, AP MLO Link Id: <none>, AP MLO Affiliated links: <none>, Vendor Data: <none>> SignalStrength: -50 UnderlyingNetworks: Null]
03-23 10:49:23.689  1363  1623 D com.android.ons.ONSProfileActivator: Internet connection available
03-23 10:49:23.689  4627  4811 I BugleRcsEngine: handleMessage processing message:[NOTIFY_UPTIME_IGNORE_STATE_CHANGED] with [non-null]:RcsEngineImpl reference [CONTEXT log_prefix="RcsEngineImpl[DUAL_REG]:[e0d84850-b014]>Handler" thread_id=65 ]
03-23 10:49:23.690   702  1090 D ConnectivityService: Sending CONNECTED broadcast for type 1 [100 WIFI] isDefaultNetwork=true
03-23 10:49:23.690   702  1090 W ContextImpl: Calling a method in the system process without a qualified user: android.app.ContextImpl.sendStickyBroadcast:1698 android.net.connectivity.com.android.server.ConnectivityService.sendStickyBroadcast:4081 android.net.connectivity.com.android.server.ConnectivityService.sendGeneralBroadcast:4051 android.net.connectivity.com.android.server.ConnectivityService.sendConnectedBroadcast:4024 android.net.connectivity.com.android.server.ConnectivityService.sendLegacyNetworkBroadcast:12439 
03-23 10:49:23.693  4627  4718 I BugleRcsEngine: No RCS Configuration was found in Bugle for simID: redacted-pii:sim_id[chars:20,last3:897] [CONTEXT log_prefix="ProvisioningEngineDataRetriever" thread_id=61 ]
03-23 10:49:23.696  4627  4719 I BugleRcsEngine: Connected state: [1], networkType: [WIFI] [CONTEXT thread_id=62 ]
03-23 10:49:23.696  1565  1968 I NearbyMediums: WifiNetwork defaultNetworkCallback onAvailable netId:100
03-23 10:49:23.697  4627  4718 I BugleRcsEngine: handleMessage processing message:[NOTIFY_UPTIME_IGNORE_STATE_CHANGED] with [non-null]:RcsEngineImpl reference [CONTEXT log_prefix="RcsEngineImpl[DUAL_REG]:[59dc9a48-5c10]>Handler" thread_id=61 ]
03-23 10:49:23.699   702  1090 D ConnectivityService: NetReassign [42 : 101 → 100, 112 : 101 → 100, 1 : 101 → 100, 37 : 101 → 100, 139 : 101 → 100, 81 : 101 → 100, 19 : 101 → 100, 146 : 101 → 100, 16 : 101 → 100, 126 : 101 → 100, 229 : 101 → 100, 49 : 101 → 100, 148 : 101 → 100, 40 : 101 → 100, 198 : 101 → 100, 222 : 101 → 100, 114 : 101 → 100, 215 : 101 → 100, 46 : 101 → 100, 201 : 101 → 100, 51 : 101 → 100, 136 : 101 → 100, 74 : 101 → 100, 245 : 101 → 100, 61 : 101 → 100, 56 : 101 → 100, 14 : 101 → 100, 91 : 101 → 100, 34 : 101 → 100, 206 : 101 → 100, 54 : 101 → 100, 93 : 101 → 100, 231 : 101 → 100, 26 : 101 → 100, 23 : 101 → 100, 131 : 101 → 100, 28 : 101 → 100, 65 : 101 → 100, 32 : 101 → 100, 195 : 101 → 100, 122 : 101 → 100, 6 : 101 → 100, 120 : 101 → 100, 21 : 101 → 100, 29 : 101 → 100, 72 : 101 → 100, 100 : 101 → 100, 157 : 101 → 100, 67 : 101 → 100, 133 : 101 → 100, 63 : 101 → 100, 171 : 101 → 100, 104 : 101 → 100] [c 0] [a 47] [i 5]
03-23 10:49:23.701  4627  4811 I BugleRcsEngine: No RCS Configuration was found in Bugle for simID: redacted-pii:sim_id[chars:20,last3:897] [CONTEXT log_prefix="ProvisioningEngineDataRetriever" thread_id=65 ]
03-23 10:49:23.702  4627  4811 I BugleRcsEngine: handleMessage processing message:[NOTIFY_UPTIME_IGNORE_STATE_CHANGED] with [non-null]:RcsEngineImpl reference [CONTEXT log_prefix="RcsEngineImpl[DUAL_REG]:[e0d84850-b014]>Handler" thread_id=65 ]
03-23 10:49:23.705   702  1090 W IPCThreadState: Sending oneway calls to frozen process.
03-23 10:49:23.705   702  1090 W IPCThreadState: Sending oneway calls to frozen process.
03-23 10:49:23.705   702  1090 W IPCThreadState: Sending oneway calls to frozen process.
03-23 10:49:23.706   702  1090 W IPCThreadState: Sending oneway calls to frozen process.
03-23 10:49:23.707   702  1090 W IPCThreadState: Sending oneway calls to frozen process.
03-23 10:49:23.707   702  1090 W IPCThreadState: Sending oneway calls to frozen process.
03-23 10:49:23.707   702  1090 D ConnectivityService: Setting DNS servers for network 100 to [/10.0.2.3]
03-23 10:49:23.708   702  1090 D DnsManager: sendDnsConfigurationForNetwork(ResolverParamsParcel{netId: 100, sampleValiditySeconds: 1800, successThreshold: 25, minSamples: 8, maxSamples: 64, baseTimeoutMsec: 0, retryCount: 0, servers: [10.0.2.3], domains: [], tlsName: , tlsServers: [10.0.2.3], tlsFingerprints: [], caCertificate: , tlsConnectTimeoutMs: 0, resolverOptions: null, transportTypes: [1], meteredNetwork: false, dohParams: null, interfaceNames: [wlan0]})
03-23 10:49:23.708  5637  6899 D WM-NetworkStateTracker: Network capabilities changed: [ Transports: WIFI Capabilities: NOT_METERED&INTERNET&NOT_RESTRICTED&TRUSTED&NOT_VPN&VALIDATED&NOT_ROAMING&FOREGROUND&NOT_CONGESTED&NOT_SUSPENDED&NOT_VCN_MANAGED&NOT_BANDWIDTH_CONSTRAINED LinkUpBandwidth>=12000Kbps LinkDnBandwidth>=30000Kbps TransportInfo: <SSID: <unknown ssid>, BSSID: 02:00:00:00:00:00, MAC: 02:00:00:00:00:00, IP: /10.0.2.16, Security type: 0, Supplicant state: COMPLETED, Wi-Fi standard: legacy, RSSI: -50, Link speed: 1Mbps, Tx Link speed: 1Mbps, Max Supported Tx Link speed: 11Mbps, Rx Link speed: 2Mbps, Max Supported Rx Link speed: 11Mbps, Frequency: 2447MHz, Net ID: -1, Metered hint: false, score: 60, isUsable: true, CarrierMerged: false, SubscriptionId: -1, IsPrimary: -1, Trusted: true, Restricted: false, Ephemeral: false, OEM paid: false, OEM private: false, OSU AP: false, FQDN: <none>, Provider friendly name: <none>, Requesting package name: <none><none>MLO Information: , Is TID-To-Link negotiation supported by the AP: false, AP MLD Address: <none>, AP MLO Link Id: <none>, AP MLO Affiliated links: <none>, Vendor Data: <none>> SignalStrength: -50 UnderlyingNetworks: Null]
03-23 10:49:23.708   484  8996 W resolv  : Validating DnsTlsServer {10.0.2.3/} with mark 0xf0064
03-23 10:49:23.711  1363  1638 D SatelliteController: EVENT_WIFI_CONNECTIVITY_STATE_CHANGED: mIsWifiConnected=true
03-23 10:49:23.711  1363  1638 E SatelliteController: registerForSatelliteCommunicationAccessStateChanged: SatelliteManager is null
03-23 10:49:23.711  4627  4718 I BugleRcsEngine: No RCS Configuration was found in Bugle for simID: redacted-pii:sim_id[chars:20,last3:897] [CONTEXT log_prefix="ProvisioningEngineDataRetriever" thread_id=61 ]
03-23 10:49:23.712  1363  1638 D SatelliteController: isCarrierRoamingNtnEligible: satellite access is not allowed
03-23 10:49:23.712  1363  1638 D SatelliteController: evaluateCarrierRoamingNtnEligibilityChange: isCarrierRoamingNtnEligible=false
03-23 10:49:23.712  1363  1638 D SatelliteController: getSelectedSatelliteSubId: subId=-1
03-23 10:49:23.712  1363  1638 D SatelliteController: notifyNtnEligibility: phoneId=0 currentNtnEligibility=false
03-23 10:49:23.716  4627  4718 I BugleRcsEngine: handleMessage processing message:[NOTIFY_UPTIME_IGNORE_STATE_CHANGED] with [non-null]:RcsEngineImpl reference [CONTEXT log_prefix="RcsEngineImpl[DUAL_REG]:[59dc9a48-5c10]>Handler" thread_id=61 ]
03-23 10:49:23.717  4627  4811 I BugleRcsEngine: No RCS Configuration was found in Bugle for simID: redacted-pii:sim_id[chars:20,last3:897] [CONTEXT log_prefix="ProvisioningEngineDataRetriever" thread_id=65 ]
03-23 10:49:23.718  1565  1735 I NullBinder: NullBinder for android.net.action.RECOMMEND_NETWORKS triggering remote TransactionTooLargeException due to Service without Chimera impl
03-23 10:49:23.718  1565  1735 W .gms.persistent: Large reply transaction of 1056768 bytes, interface descriptor , code 1
03-23 10:49:23.720  4627  4719 I BugleRcsEngine: Connected state: [1], networkType: [WIFI] [CONTEXT thread_id=62 ]
03-23 10:49:23.722  4627  4811 I BugleRcsEngine: handleMessage processing message:[NOTIFY_UPTIME_IGNORE_STATE_CHANGED] with [non-null]:RcsEngineImpl reference [CONTEXT log_prefix="RcsEngineImpl[DUAL_REG]:[e0d84850-b014]>Handler" thread_id=65 ]
03-23 10:49:23.724  4627  4719 I BugleRcsEngine: Connected state: [1], networkType: [WIFI] [CONTEXT thread_id=62 ]
03-23 10:49:23.734  4627  4718 I BugleRcsEngine: No RCS Configuration was found in Bugle for simID: redacted-pii:sim_id[chars:20,last3:897] [CONTEXT log_prefix="ProvisioningEngineDataRetriever" thread_id=61 ]
03-23 10:49:23.737   702  2346 W ScanResultUtil: Empty or null ScanResult list
03-23 10:49:23.737   702  2346 W WifiService: Attempt to retrieve WifiConfiguration with invalid scanResult List
03-23 10:49:23.739   702   731 W ScanResultUtil: Empty or null ScanResult list
03-23 10:49:23.741   702   731 W WifiService: Attempt to retrieve WifiConfiguration with invalid scanResult List
03-23 10:49:23.742   702   823 W ScanResultUtil: Empty or null ScanResult list
03-23 10:49:23.742   702   823 E WifiService: Attempt to retrieve passpoint with invalid scanResult List
03-23 10:49:23.743   702   823 W ScanResultUtil: Empty or null ScanResult list
03-23 10:49:23.743   702   823 W WifiService: Attempt to retrieve OsuProviders with invalid scanResult List
03-23 10:49:23.750  4627  4811 I BugleRcsEngine: No RCS Configuration was found in Bugle for simID: redacted-pii:sim_id[chars:20,last3:897] [CONTEXT log_prefix="ProvisioningEngineDataRetriever" thread_id=65 ]
03-23 10:49:23.765  1565  2079 I TrafficStats: tagSocketFd(-1, 536871943, -1) failed with errno-9
03-23 10:49:23.869  1565  8620 W WakeLock: GCM_HB_ALARM release without a matched acquire! [CONTEXT service_id=259 ]
03-23 10:49:23.869  1565  8620 W WakeLock: GCM_HB_ALARM counter does not exist
03-23 10:49:23.872  1565  8620 E GmsTaskScheduler: sendWakeUpEvent called on SchedulerClientBroadcastStrategy
03-23 10:49:23.872  1565  8620 I AlarmManager: setExactAndAllowWhileIdle [name: GCM_HB_ALARM type: 2 triggerAtMillis: 1267128]
03-23 10:49:23.926  1565  8620 I AlarmManager: setExactAndAllowWhileIdle [name: GCM_HB_ALARM type: 2 triggerAtMillis: 1267181]
03-23 10:49:23.929  1565  8620 W WakeLock: GCM_CONN_ALARM release without a matched acquire! [CONTEXT service_id=259 ]
03-23 10:49:23.929  1565  8620 W WakeLock: GCM_CONN_ALARM counter does not exist
03-23 10:49:23.935  1565  8620 I AlarmManager: setExactAndAllowWhileIdle [name: GCM_HB_ALARM type: 2 triggerAtMillis: 1267191]
03-23 10:49:23.937  1565  8620 E GmsTaskScheduler: sendWakeUpEvent called on SchedulerClientBroadcastStrategy
03-23 10:49:24.189  1720  8983 I DeviceStatusMonitor: DeviceStatusMonitor.handleBroadcast():123 onReceive() : Action = android.net.conn.CONNECTIVITY_CHANGE
03-23 10:49:24.191  1720  8983 I DeviceStatusMonitor: DeviceStatusMonitor.notifyIfNetworkChanged():180 notifyIfNetworkChanged: newState = NON_METERED, airplaneModeOn = false, notifyAnyway = false
03-23 10:49:24.192  1720  8983 I NetworkInfoNotification: NetworkInfoNotification$Listener.onReceive():107 onNetworkAvailable: networkState = NON_METERED, isAirplaneModeOn = false
03-23 10:49:24.192  1720  8983 I DeviceStatusMonitor: DeviceStatusMonitor.handleBroadcast():123 onReceive() : Action = android.net.conn.CONNECTIVITY_CHANGE
03-23 10:49:24.192  1720  1720 I NetworkInfoNotification: NetworkInfoNotification$Listener.onReceive():107 onNetworkAvailable: networkState = NON_METERED, isAirplaneModeOn = false
03-23 10:49:24.192  1720  1720 I HandwritingOnlineSuperpacks: HandwritingOnlineSuperpacks$1.onNetworkAvailable():70 onNetworkAvailable
03-23 10:49:24.193  1720  1720 I HandwritingSuperpacks: HandwritingSuperpacks.register():273 register(): version '86', url 'https://dl.google.com/handwriting/models/handwriting_release.superpack_manifest.20231127.json' [ONLINE]
03-23 10:49:24.193  5637  8882 W JobInfo : Job 'com.google.android.apps.messaging/.shared.datamodel.action.execution.ActionJobService#102' has a deadline with no functional constraints. The deadline won't improve job execution latency. Consider removing the deadline.
03-23 10:49:24.193  1720  1720 I NetworkInfoNotification: NetworkInfoNotification$Listener.onReceive():107 onNetworkAvailable: networkState = NON_METERED, isAirplaneModeOn = false
03-23 10:49:24.193  1720  8982 I NetworkInfoNotification: NetworkInfoNotification$Listener.onReceive():107 onNetworkAvailable: networkState = NON_METERED, isAirplaneModeOn = false
03-23 10:49:24.194  1720  8982 E NotificationCenter: NotificationCenter.registerListenerInternal():378 Listener kel@3648443 is already registered for notification class kdz
03-23 10:49:24.194   702  1749 W JobInfo : Job 'com.google.android.apps.messaging/.shared.datamodel.action.execution.ActionJobService#102' has a deadline with no functional constraints. The deadline won't improve job execution latency. Consider removing the deadline.
03-23 10:49:24.196  1565  2616 I NearbyDiscovery: (REDACTED) FastPairHandler: Received action %s
03-23 10:49:24.197  1720  8984 I DownloadManager: DownloadManager.downloadInternal():412 Download for __SP_MANIFEST_handwriting_recognition scheduled with params DownloadParams{allowMetered=true, requireCharging=false, foreground=false, immediately=true, priority=0}
03-23 10:49:24.197  1720  8984 I DownloadManager: DownloadManager.startDownload():495 start download of __SP_MANIFEST_handwriting_recognition
03-23 10:49:24.198  1720  8983 I DeviceStatusMonitor: DeviceStatusMonitor.notifyIfNetworkChanged():180 notifyIfNetworkChanged: newState = NON_METERED, airplaneModeOn = false, notifyAnyway = false
03-23 10:49:24.198  1720  8984 I DownloadManager: DownloadManager$4.onSuccess():564 download for __SP_MANIFEST_handwriting_recognition is finished with files # mxp@9743e033
03-23 10:49:24.200  1565  2616 I NearbyDiscovery: (REDACTED) FastPairHandler: Received action %s
03-23 10:49:24.203  1565  8620 W ctxmgr  : [NetworkStateProducer] No state change for network connection context [CONTEXT service_id=47 ]
03-23 10:49:24.205  1720  8867 I HandwritingOnlineSuperpacks: HandwritingOnlineSuperpacks.syncInternal():168 syncPackMapping()
03-23 10:49:24.205  1720  8867 I MDDSuperpacks: MDDSuperpacks.sync():223 sync requested for handwriting_recognition
03-23 10:49:24.208   702   823 W JobInfo : Job 'com.google.android.settings.intelligence/.modules.routines.impl.RoutinesJobIntentService#1728' has a deadline with no functional constraints. The deadline won't improve job execution latency. Consider removing the deadline.
03-23 10:49:24.212  1720  8985 I MDDSuperpacks: MDDSuperpacks.getPacks():548 getting packs for superpack: handwriting_recognition
03-23 10:49:24.219  1720  8984 I HandwritingSlicingStrategy: HandwritingSlicingStrategy.getSlices():44 getSlices(): handwriting_recognition.86 useForeground=true
03-23 10:49:24.219  6537  6537 W rules.WifiRx: FenceState currentState is not true
03-23 10:49:24.219  1720  8985 I MDDSuperpacks: MDDSuperpacks$3.onSuccess():558 packs [transformer_latin_tflite_20231010_zip, scribe_latin_20231123_tflite_zip, qrnn_en_us_reco_20231010_fst_20230613_recospec_zip, transformer_latin_conf_tflite_20231010_zip, pack_mapping_v1_lstm_20231127, transformer_latin_seg_tflite_20231010_zip, scribe_latin_20231123_recospec_zip, en_us_20230613_compact_fst_zip] got for superpack: handwriting_recognition
03-23 10:49:24.219  1720  8984 I HandwritingSlicingStrategy: HandwritingSlicingStrategy.getSlices():103 getSlices(): result {slices=[{handwriting_recognition:pack_mapping_v1_lstm_20231127, m:*:*:*, fg}, {handwriting_recognition:transformer_latin_tflite_20231010_zip, m:*:*:*, fg}, {handwriting_recognition:qrnn_en_us_reco_20231010_fst_20230613_recospec_zip, m:*:*:*, fg}, {handwriting_recognition:transformer_latin_conf_tflite_20231010_zip, m:*:*:*, fg}, {handwriting_recognition:transformer_latin_seg_tflite_20231010_zip, m:*:*:*, fg}, {handwriting_recognition:en_us_20230613_compact_fst_zip, m:*:*:*, fg}, {handwriting_recognition:scribe_latin_20231123_tflite_zip, m:*:*:*, fg}, {handwriting_recognition:scribe_latin_20231123_recospec_zip, m:*:*:*, fg}], last batch=true, sync metadata=false}
03-23 10:49:24.220  1720  8985 I MDDSuperpacks: MDDSuperpacks.getPacks():548 getting packs for superpack: handwriting_recognition
03-23 10:49:24.227  1720  8985 I MDDSuperpacks: MDDSuperpacks$3.onSuccess():558 packs [transformer_latin_tflite_20231010_zip, scribe_latin_20231123_tflite_zip, qrnn_en_us_reco_20231010_fst_20230613_recospec_zip, transformer_latin_conf_tflite_20231010_zip, pack_mapping_v1_lstm_20231127, transformer_latin_seg_tflite_20231010_zip, scribe_latin_20231123_recospec_zip, en_us_20230613_compact_fst_zip] got for superpack: handwriting_recognition
03-23 10:49:24.228  1720  8866 I HandwritingOnlineSuperpacks: HandwritingOnlineSuperpacks.syncInternal():187 syncInternal(): syncing packs
03-23 10:49:24.228  1720  8988 I MDDSuperpacks: MDDSuperpacks$2.onSuccess():274 Sync success for handwriting_recognition with result: {old=[en_us_20230613_compact_fst_zip, pack_mapping_v1_lstm_20231127, qrnn_en_us_reco_20231010_fst_20230613_recospec_zip, scribe_latin_20231123_recospec_zip, scribe_latin_20231123_tflite_zip, transformer_latin_conf_tflite_20231010_zip, transformer_latin_seg_tflite_20231010_zip, transformer_latin_tflite_20231010_zip], new=[en_us_20230613_compact_fst_zip, pack_mapping_v1_lstm_20231127, qrnn_en_us_reco_20231010_fst_20230613_recospec_zip, scribe_latin_20231123_recospec_zip, scribe_latin_20231123_tflite_zip, transformer_latin_conf_tflite_20231010_zip, transformer_latin_seg_tflite_20231010_zip, transformer_latin_tflite_20231010_zip], metadata=false, last batch=true}
